Archive member included because of file (symbol)

main/.output/eagle/lib/libmain.a(gpios_intr.o)
                              (ovl_init)

Allocating common symbols
Common symbol       size              file

GPIO_INT_Counter2   0x4               main/.output/eagle/lib/libmain.a(gpios_intr.o)
GPIO_INT_Count1     0x4               main/.output/eagle/lib/libmain.a(gpios_intr.o)
GPIO_INT_Counter1   0x4               main/.output/eagle/lib/libmain.a(gpios_intr.o)

Memory Configuration

Name             Origin             Length             Attributes
dram0_0_seg      0x3fffdf60         0x00000400
iram1_0_seg      0x40106300         0x00001d00
irom0_0_seg      0x40210000         0x000f0000
*default*        0x00000000         0xffffffff

Linker script and memory map

START GROUP
LOAD G:/Electric/ESP8266/PowerMeter/PowerMeter//lib\libmgcc.a
LOAD main/.output/eagle/lib/libmain.a
END GROUP
                0x40000000                PROVIDE (_memmap_vecbase_reset, 0x40000000)
                0x00000110                _memmap_cacheattr_wb_base = 0x110
                0x00000110                _memmap_cacheattr_wt_base = 0x110
                0x00000220                _memmap_cacheattr_bp_base = 0x220
                0xfffff00f                _memmap_cacheattr_unused_mask = 0xfffff00f
                0x2222211f                _memmap_cacheattr_wb_trapnull = 0x2222211f
                0x2222211f                _memmap_cacheattr_wba_trapnull = 0x2222211f
                0x2222211f                _memmap_cacheattr_wbna_trapnull = 0x2222211f
                0x2222211f                _memmap_cacheattr_wt_trapnull = 0x2222211f
                0x2222222f                _memmap_cacheattr_bp_trapnull = 0x2222222f
                0xfffff11f                _memmap_cacheattr_wb_strict = 0xfffff11f
                0xfffff11f                _memmap_cacheattr_wt_strict = 0xfffff11f
                0xfffff22f                _memmap_cacheattr_bp_strict = 0xfffff22f
                0x22222112                _memmap_cacheattr_wb_allvalid = 0x22222112
                0x22222112                _memmap_cacheattr_wt_allvalid = 0x22222112
                0x22222222                _memmap_cacheattr_bp_allvalid = 0x22222222
                0x2222211f                PROVIDE (_memmap_cacheattr_reset, _memmap_cacheattr_wb_trapnull)

.data           0x3fffdf60        0x0
                0x3fffdf60                _data_start = ABSOLUTE (.)
 *(.data)
 .data          0x3fffdf60        0x0 main/.output/eagle/lib/libmain.a(gpios_intr.o)
 *(.data.*)
 *(.gnu.linkonce.d.*)
 *(.data1)
 *(.sdata)
 *(.sdata.*)
 *(.gnu.linkonce.s.*)
 *(.sdata2)
 *(.sdata2.*)
 *(.gnu.linkonce.s2.*)
 *(.jcr)
                0x3fffdf60                _data_end = ABSOLUTE (.)

.rodata         0x3fffdf60       0x34
                0x3fffdf60                _rodata_start = ABSOLUTE (.)
 *(.rodata)
 *(.rodata.*)
 .rodata.str1.1
                0x3fffdf60       0x34 main/.output/eagle/lib/libmain.a(gpios_intr.o)
 *(.gnu.linkonce.r.*)
 *(.rodata1)
 *(.dynamic)
 *(.gnu.version_d)
                0x3fffdf94                . = ALIGN (0x4)
                0x3fffdf94                _bss_table_start = ABSOLUTE (.)
                0x3fffdf94                _bss_table_end = ABSOLUTE (.)
                0x3fffdf94                _rodata_end = ABSOLUTE (.)

.bss            0x3fffdf98       0x10
                0x3fffdf98                . = ALIGN (0x8)
                0x3fffdf98                _bss_start = ABSOLUTE (.)
 *(.dynsbss)
 *(.sbss)
 *(.sbss.*)
 *(.gnu.linkonce.sb.*)
 *(.scommon)
 *(.sbss2)
 *(.sbss2.*)
 *(.gnu.linkonce.sb2.*)
 *(.dynbss)
 *(.bss)
 .bss           0x3fffdf98        0x0 main/.output/eagle/lib/libmain.a(gpios_intr.o)
 *(.bss.*)
 *(.gnu.linkonce.b.*)
 *(COMMON)
 COMMON         0x3fffdf98        0xc main/.output/eagle/lib/libmain.a(gpios_intr.o)
                0x3fffdf98                GPIO_INT_Counter2
                0x3fffdf9c                GPIO_INT_Count1
                0x3fffdfa0                GPIO_INT_Counter1
                0x3fffdfa8                . = ALIGN (0x8)
 *fill*         0x3fffdfa4        0x4 
                0x3fffdfa8                _bss_end = ABSOLUTE (.)
                0x3fffdfa8                _heap_start = ABSOLUTE (.)

.text           0x40106300      0x278
                0x40106300                _stext = .
                0x40106300                _text_start = ABSOLUTE (.)
 *(.entry.text)
 *(.init.literal)
 *(.init)
 *(.literal .text .literal.* .text.* .stub .gnu.warning .gnu.linkonce.literal.* .gnu.linkonce.t.*.literal .gnu.linkonce.t.*)
 .text          0x40106300      0x260 main/.output/eagle/lib/libmain.a(gpios_intr.o)
                                0x2a0 (size before relaxing)
                0x40106404                init_GPIOs_intr
                0x401064e8                deinit_GPIOs_intr
                0x4010653c                ovl_init
 .literal       0x40106560        0x0 main/.output/eagle/lib/libmain.a(gpios_intr.o)
 *(.fini.literal)
 *(.fini)
 *(.gnu.version)
 *(.iram.data)
 .iram.data     0x40106560       0x18 main/.output/eagle/lib/libmain.a(gpios_intr.o)
                0x40106560                GPIO_INT_Count2
                0x40106564                GPIO_INT_init_flg
                0x40106568                GPIOs_intr_taskQueue
                0x40106578                . = ALIGN (0x4)
                0x40106578                _text_end = ABSOLUTE (.)
                0x40106578                _etext = .

.lit4           0x40106578        0x0
                0x40106578                _lit4_start = ABSOLUTE (.)
 *(*.lit4)
 *(.lit4.*)
 *(.gnu.linkonce.lit4.*)
                0x40106578                _lit4_end = ABSOLUTE (.)

.irom0.text     0x40210000        0x0
                0x40210000                _irom0_text_start = ABSOLUTE (.)
 *(.irom0.literal .irom.literal .irom.text.literal .irom0.text .irom.text)
                0x40210000                _irom0_text_end = ABSOLUTE (.)
                0x400047f0                PROVIDE (Cache_Read_Disable, 0x400047f0)
                0x40004678                PROVIDE (Cache_Read_Enable, 0x40004678)
                0x400044c0                PROVIDE (Enable_QMode, 0x400044c0)
                0x40004508                PROVIDE (Disable_QMode, 0x40004508)
                0x400035a0                PROVIDE (FilePacketSendReqMsgProc, 0x400035a0)
                0x4000368c                PROVIDE (FlashDwnLdParamCfgMsgProc, 0x4000368c)
                0x40003538                PROVIDE (FlashDwnLdStartMsgProc, 0x40003538)
                0x40003658                PROVIDE (FlashDwnLdStopReqMsgProc, 0x40003658)
                0x40003f4c                PROVIDE (GetUartDevice, 0x40003f4c)
                0x40009900                PROVIDE (MD5Final, 0x40009900)
                0x40009818                PROVIDE (MD5Init, 0x40009818)
                0x40009834                PROVIDE (MD5Update, 0x40009834)
                0x400036c4                PROVIDE (MemDwnLdStartMsgProc, 0x400036c4)
                0x4000377c                PROVIDE (MemDwnLdStopReqMsgProc, 0x4000377c)
                0x400036f0                PROVIDE (MemPacketSendReqMsgProc, 0x400036f0)
                0x40003eac                PROVIDE (RcvMsg, 0x40003eac)
                0x4000b648                PROVIDE (SHA1Final, 0x4000b648)
                0x4000b584                PROVIDE (SHA1Init, 0x4000b584)
                0x4000a364                PROVIDE (SHA1Transform, 0x4000a364)
                0x4000b5a8                PROVIDE (SHA1Update, 0x4000b5a8)
                0x400040c0                PROVIDE (SPI_sector_erase, 0x400040c0)
                0x40004174                PROVIDE (SPI_page_program, 0x40004174)
                0x400042ac                PROVIDE (SPI_read_data, 0x400042ac)
                0x400043c8                PROVIDE (SPI_read_status, 0x400043c8)
                0x40004400                PROVIDE (SPI_write_status, 0x40004400)
                0x4000443c                PROVIDE (SPI_write_enable, 0x4000443c)
                0x4000448c                PROVIDE (Wait_SPI_Idle, 0x4000448c)
                0x40004b44                PROVIDE (SPIEraseArea, 0x40004b44)
                0x400049b4                PROVIDE (SPIEraseBlock, 0x400049b4)
                0x40004984                PROVIDE (SPIEraseChip, 0x40004984)
                0x40004a00                PROVIDE (SPIEraseSector, 0x40004a00)
                0x400048a8                PROVIDE (SPILock, 0x400048a8)
                0x40004c2c                PROVIDE (SPIParamCfg, 0x40004c2c)
                0x40004b1c                PROVIDE (SPIRead, 0x40004b1c)
                0x400048ec                PROVIDE (SPIReadModeCnfig, 0x400048ec)
                0x40004878                PROVIDE (SPIUnlock, 0x40004878)
                0x40004a4c                PROVIDE (SPIWrite, 0x40004a4c)
                0x40003f58                PROVIDE (SelectSpiFunction, 0x40003f58)
                0x02625f1c                PROVIDE (SPILoader, 0x2625f1c)
                0x40003cf4                PROVIDE (SendMsg, 0x40003cf4)
                0x40003230                PROVIDE (UartConnCheck, 0x40003230)
                0x400037a0                PROVIDE (UartConnectProc, 0x400037a0)
                0x40003368                PROVIDE (UartDwnLdProc, 0x40003368)
                0x40003ef4                PROVIDE (UartGetCmdLn, 0x40003ef4)
                0x4000381c                PROVIDE (UartRegReadProc, 0x4000381c)
                0x400037ac                PROVIDE (UartRegWriteProc, 0x400037ac)
                0x40003c30                PROVIDE (UartRxString, 0x40003c30)
                0x40003a14                PROVIDE (Uart_Init, 0x40003a14)
                0x40000010                PROVIDE (_DebugExceptionVector, 0x40000010)
                0x40000070                PROVIDE (_DoubleExceptionVector, 0x40000070)
                0x40000030                PROVIDE (_KernelExceptionVector, 0x40000030)
                0x40000020                PROVIDE (_NMIExceptionVector, 0x40000020)
                0x400000a4                PROVIDE (_ResetHandler, 0x400000a4)
                0x40000080                PROVIDE (_ResetVector, 0x40000080)
                0x40000050                PROVIDE (_UserExceptionVector, 0x40000050)
                0x4000c538                PROVIDE (__adddf3, 0x4000c538)
                0x4000c180                PROVIDE (__addsf3, 0x4000c180)
                0x4000cb94                PROVIDE (__divdf3, 0x4000cb94)
                0x4000ce60                PROVIDE (__divdi3, 0x4000ce60)
                0x4000dc88                PROVIDE (__divsi3, 0x4000dc88)
                0x4000cdfc                PROVIDE (__extendsfdf2, 0x4000cdfc)
                0x4000ccb8                PROVIDE (__fixdfsi, 0x4000ccb8)
                0x4000cd00                PROVIDE (__fixunsdfsi, 0x4000cd00)
                0x4000c4c4                PROVIDE (__fixunssfsi, 0x4000c4c4)
                0x4000e2f0                PROVIDE (__floatsidf, 0x4000e2f0)
                0x4000e2ac                PROVIDE (__floatsisf, 0x4000e2ac)
                0x4000e2e8                PROVIDE (__floatunsidf, 0x4000e2e8)
                0x4000e2a4                PROVIDE (__floatunsisf, 0x4000e2a4)
                0x4000c8f0                PROVIDE (__muldf3, 0x4000c8f0)
                0x40000650                PROVIDE (__muldi3, 0x40000650)
                0x4000c3dc                PROVIDE (__mulsf3, 0x4000c3dc)
                0x4000c688                PROVIDE (__subdf3, 0x4000c688)
                0x4000c268                PROVIDE (__subsf3, 0x4000c268)
                0x4000cd5c                PROVIDE (__truncdfsf2, 0x4000cd5c)
                0x4000d310                PROVIDE (__udivdi3, 0x4000d310)
                0x4000e21c                PROVIDE (__udivsi3, 0x4000e21c)
                0x4000d770                PROVIDE (__umoddi3, 0x4000d770)
                0x4000e268                PROVIDE (__umodsi3, 0x4000e268)
                0x4000dcf0                PROVIDE (__umulsidi3, 0x4000dcf0)
                0x4000e388                PROVIDE (_rom_store, 0x4000e388)
                0x4000e328                PROVIDE (_rom_store_table, 0x4000e328)
                0x4000042c                PROVIDE (_start, 0x4000042c)
                0x4000dbe0                PROVIDE (_xtos_alloca_handler, 0x4000dbe0)
                0x40000598                PROVIDE (_xtos_c_wrapper_handler, 0x40000598)
                0x40000590                PROVIDE (_xtos_cause3_handler, 0x40000590)
                0x4000bda4                PROVIDE (_xtos_ints_off, 0x4000bda4)
                0x4000bd84                PROVIDE (_xtos_ints_on, 0x4000bd84)
                0x4000048c                PROVIDE (_xtos_l1int_handler, 0x4000048c)
                0x4000dbf8                PROVIDE (_xtos_p_none, 0x4000dbf8)
                0x4000056c                PROVIDE (_xtos_restore_intlevel, 0x4000056c)
                0x4000dc54                PROVIDE (_xtos_return_from_exc, 0x4000dc54)
                0x40000454                PROVIDE (_xtos_set_exception_handler, 0x40000454)
                0x4000bd70                PROVIDE (_xtos_set_interrupt_handler, 0x4000bd70)
                0x4000bd28                PROVIDE (_xtos_set_interrupt_handler_arg, 0x4000bd28)
                0x4000dbfc                PROVIDE (_xtos_set_intlevel, 0x4000dbfc)
                0x4000dc18                PROVIDE (_xtos_set_min_intlevel, 0x4000dc18)
                0x40000574                PROVIDE (_xtos_set_vpri, 0x40000574)
                0x4000dbe4                PROVIDE (_xtos_syscall_handler, 0x4000dbe4)
                0x4000dc44                PROVIDE (_xtos_unhandled_exception, 0x4000dc44)
                0x4000dc3c                PROVIDE (_xtos_unhandled_interrupt, 0x4000dc3c)
                0x400092d4                PROVIDE (aes_decrypt, 0x400092d4)
                0x400092e4                PROVIDE (aes_decrypt_deinit, 0x400092e4)
                0x40008ea4                PROVIDE (aes_decrypt_init, 0x40008ea4)
                0x40009410                PROVIDE (aes_unwrap, 0x40009410)
                0x40009648                PROVIDE (base64_decode, 0x40009648)
                0x400094fc                PROVIDE (base64_encode, 0x400094fc)
                0x4000de84                PROVIDE (bzero, 0x4000de84)
                0x40000814                PROVIDE (cmd_parse, 0x40000814)
                0x40000b24                PROVIDE (conv_str_decimal, 0x40000b24)
                0x40000cb8                PROVIDE (conv_str_hex, 0x40000cb8)
                0x40000a60                PROVIDE (convert_para_str, 0x40000a60)
                0x400026d0                PROVIDE (dtm_get_intr_mask, 0x400026d0)
                0x4000269c                PROVIDE (dtm_params_init, 0x4000269c)
                0x400026c8                PROVIDE (dtm_set_intr_mask, 0x400026c8)
                0x400026dc                PROVIDE (dtm_set_params, 0x400026dc)
                0x40001d14                PROVIDE (eprintf, 0x40001d14)
                0x40001cb8                PROVIDE (eprintf_init_buf, 0x40001cb8)
                0x40001d48                PROVIDE (eprintf_to_host, 0x40001d48)
                0x40002494                PROVIDE (est_get_printf_buf_remain_len, 0x40002494)
                0x4000249c                PROVIDE (est_reset_printf_buf_len, 0x4000249c)
                0x40002ae8                PROVIDE (ets_bzero, 0x40002ae8)
                0x40002b74                PROVIDE (ets_char2xdigit, 0x40002b74)
                0x40002ecc                PROVIDE (ets_delay_us, 0x40002ecc)
                0x400027b8                PROVIDE (ets_enter_sleep, 0x400027b8)
                0x40002578                PROVIDE (ets_external_printf, 0x40002578)
                0x40002f0c                PROVIDE (ets_get_cpu_frequency, 0x40002f0c)
                0x40002bcc                PROVIDE (ets_getc, 0x40002bcc)
                0x40002450                PROVIDE (ets_install_external_printf, 0x40002450)
                0x4000242c                PROVIDE (ets_install_putc1, 0x4000242c)
                0x4000248c                PROVIDE (ets_install_putc2, 0x4000248c)
                0x40002438                PROVIDE (ets_install_uart_printf, 0x40002438)
                0x40000f74                PROVIDE (ets_intr_lock, 0x40000f74)
                0x40000f80                PROVIDE (ets_intr_unlock, 0x40000f80)
                0x40000f88                PROVIDE (ets_isr_attach, 0x40000f88)
                0x40000f98                PROVIDE (ets_isr_mask, 0x40000f98)
                0x40000fa8                PROVIDE (ets_isr_unmask, 0x40000fa8)
                0x400018d4                PROVIDE (ets_memcmp, 0x400018d4)
                0x400018b4                PROVIDE (ets_memcpy, 0x400018b4)
                0x400018c4                PROVIDE (ets_memmove, 0x400018c4)
                0x400018a4                PROVIDE (ets_memset, 0x400018a4)
                0x40000e24                PROVIDE (ets_post, 0x40000e24)
                0x400024cc                PROVIDE (ets_printf, 0x400024cc)
                0x40002be8                PROVIDE (ets_putc, 0x40002be8)
                0x40002a40                PROVIDE (ets_rtc_int_register, 0x40002a40)
                0x40000e04                PROVIDE (ets_run, 0x40000e04)
                0x40000dc0                PROVIDE (ets_set_idle_cb, 0x40000dc0)
                0x40000fbc                PROVIDE (ets_set_user_start, 0x40000fbc)
                0x40002af8                PROVIDE (ets_str2macaddr, 0x40002af8)
                0x40002aa8                PROVIDE (ets_strcmp, 0x40002aa8)
                0x40002a88                PROVIDE (ets_strcpy, 0x40002a88)
                0x40002ac8                PROVIDE (ets_strlen, 0x40002ac8)
                0x40002ab8                PROVIDE (ets_strncmp, 0x40002ab8)
                0x40002a98                PROVIDE (ets_strncpy, 0x40002a98)
                0x40002ad8                PROVIDE (ets_strstr, 0x40002ad8)
                0x40000dd0                PROVIDE (ets_task, 0x40000dd0)
                0x40002cc4                PROVIDE (ets_timer_arm, 0x40002cc4)
                0x40002d40                PROVIDE (ets_timer_disarm, 0x40002d40)
                0x40002d80                PROVIDE (ets_timer_done, 0x40002d80)
                0x40002da8                PROVIDE (ets_timer_handler_isr, 0x40002da8)
                0x40002e68                PROVIDE (ets_timer_init, 0x40002e68)
                0x40002c48                PROVIDE (ets_timer_setfn, 0x40002c48)
                0x40002544                PROVIDE (ets_uart_printf, 0x40002544)
                0x40002f04                PROVIDE (ets_update_cpu_frequency, 0x40002f04)
                0x40001f00                PROVIDE (ets_vprintf, 0x40001f00)
                0x400030f0                PROVIDE (ets_wdt_disable, 0x400030f0)
                0x40002fa0                PROVIDE (ets_wdt_enable, 0x40002fa0)
                0x40002f34                PROVIDE (ets_wdt_get_mode, 0x40002f34)
                0x40003170                PROVIDE (ets_wdt_init, 0x40003170)
                0x40003158                PROVIDE (ets_wdt_restore, 0x40003158)
                0x40001da0                PROVIDE (ets_write_char, 0x40001da0)
                0x4000091c                PROVIDE (get_first_seg, 0x4000091c)
                0x40004c50                PROVIDE (gpio_init, 0x40004c50)
                0x40004cf0                PROVIDE (gpio_input_get, 0x40004cf0)
                0x40004dcc                PROVIDE (gpio_intr_ack, 0x40004dcc)
                0x40004e28                PROVIDE (gpio_intr_handler_register, 0x40004e28)
                0x40004d88                PROVIDE (gpio_intr_pending, 0x40004d88)
                0x40004efc                PROVIDE (gpio_intr_test, 0x40004efc)
                0x40004cd0                PROVIDE (gpio_output_set, 0x40004cd0)
                0x40004d90                PROVIDE (gpio_pin_intr_state_set, 0x40004d90)
                0x40004ed4                PROVIDE (gpio_pin_wakeup_disable, 0x40004ed4)
                0x40004e90                PROVIDE (gpio_pin_wakeup_enable, 0x40004e90)
                0x40004d5c                PROVIDE (gpio_register_get, 0x40004d5c)
                0x40004d04                PROVIDE (gpio_register_set, 0x40004d04)
                0x4000a2cc                PROVIDE (hmac_md5, 0x4000a2cc)
                0x4000a160                PROVIDE (hmac_md5_vector, 0x4000a160)
                0x4000ba28                PROVIDE (hmac_sha1, 0x4000ba28)
                0x4000b8b4                PROVIDE (hmac_sha1_vector, 0x4000b8b4)
                0x40004f40                PROVIDE (lldesc_build_chain, 0x40004f40)
                0x40005050                PROVIDE (lldesc_num2link, 0x40005050)
                0x4000507c                PROVIDE (lldesc_set_owner, 0x4000507c)
                0x40000fec                PROVIDE (main, 0x40000fec)
                0x400097ac                PROVIDE (md5_vector, 0x400097ac)
                0x40001c2c                PROVIDE (mem_calloc, 0x40001c2c)
                0x400019e0                PROVIDE (mem_free, 0x400019e0)
                0x40001998                PROVIDE (mem_init, 0x40001998)
                0x40001b40                PROVIDE (mem_malloc, 0x40001b40)
                0x40001c6c                PROVIDE (mem_realloc, 0x40001c6c)
                0x40001a14                PROVIDE (mem_trim, 0x40001a14)
                0x40001c58                PROVIDE (mem_zalloc, 0x40001c58)
                0x4000dea8                PROVIDE (memcmp, 0x4000dea8)
                0x4000df48                PROVIDE (memcpy, 0x4000df48)
                0x4000e04c                PROVIDE (memmove, 0x4000e04c)
                0x4000e190                PROVIDE (memset, 0x4000e190)
                0x400031c0                PROVIDE (multofup, 0x400031c0)
                0x4000b840                PROVIDE (pbkdf2_sha1, 0x4000b840)
                0x40006b08                PROVIDE (phy_get_romfuncs, 0x40006b08)
                0x40000600                PROVIDE (rand, 0x40000600)
                0x4000dd68                PROVIDE (rc4_skip, 0x4000dd68)
                0x40003d08                PROVIDE (recv_packet, 0x40003d08)
                0x40000a04                PROVIDE (remove_head_space, 0x40000a04)
                0x40008dd0                PROVIDE (rijndaelKeySetupDec, 0x40008dd0)
                0x40009300                PROVIDE (rijndaelKeySetupEnc, 0x40009300)
                0x400060c0                PROVIDE (rom_abs_temp, 0x400060c0)
                0x40006b10                PROVIDE (rom_ana_inf_gating_en, 0x40006b10)
                0x40007a28                PROVIDE (rom_cal_tos_v50, 0x40007a28)
                0x40006f84                PROVIDE (rom_chip_50_set_channel, 0x40006f84)
                0x400060d0                PROVIDE (rom_chip_v5_disable_cca, 0x400060d0)
                0x400060ec                PROVIDE (rom_chip_v5_enable_cca, 0x400060ec)
                0x4000711c                PROVIDE (rom_chip_v5_rx_init, 0x4000711c)
                0x4000610c                PROVIDE (rom_chip_v5_sense_backoff, 0x4000610c)
                0x4000718c                PROVIDE (rom_chip_v5_tx_init, 0x4000718c)
                0x4000615c                PROVIDE (rom_dc_iq_est, 0x4000615c)
                0x400061b8                PROVIDE (rom_en_pwdet, 0x400061b8)
                0x40006238                PROVIDE (rom_get_bb_atten, 0x40006238)
                0x40006260                PROVIDE (rom_get_corr_power, 0x40006260)
                0x400062dc                PROVIDE (rom_get_fm_sar_dout, 0x400062dc)
                0x40006394                PROVIDE (rom_get_noisefloor, 0x40006394)
                0x400063b0                PROVIDE (rom_get_power_db, 0x400063b0)
                0x40007268                PROVIDE (rom_i2c_readReg, 0x40007268)
                0x4000729c                PROVIDE (rom_i2c_readReg_Mask, 0x4000729c)
                0x400072d8                PROVIDE (rom_i2c_writeReg, 0x400072d8)
                0x4000730c                PROVIDE (rom_i2c_writeReg_Mask, 0x4000730c)
                0x40006400                PROVIDE (rom_iq_est_disable, 0x40006400)
                0x40006430                PROVIDE (rom_iq_est_enable, 0x40006430)
                0x40006484                PROVIDE (rom_linear_to_db, 0x40006484)
                0x400065a4                PROVIDE (rom_mhz2ieee, 0x400065a4)
                0x40007bf0                PROVIDE (rom_pbus_dco___SA2, 0x40007bf0)
                0x4000737c                PROVIDE (rom_pbus_debugmode, 0x4000737c)
                0x40007410                PROVIDE (rom_pbus_enter_debugmode, 0x40007410)
                0x40007448                PROVIDE (rom_pbus_exit_debugmode, 0x40007448)
                0x4000747c                PROVIDE (rom_pbus_force_test, 0x4000747c)
                0x400074d8                PROVIDE (rom_pbus_rd, 0x400074d8)
                0x4000754c                PROVIDE (rom_pbus_set_rxgain, 0x4000754c)
                0x40007610                PROVIDE (rom_pbus_set_txgain, 0x40007610)
                0x40007648                PROVIDE (rom_pbus_workmode, 0x40007648)
                0x40007688                PROVIDE (rom_pbus_xpd_rx_off, 0x40007688)
                0x400076cc                PROVIDE (rom_pbus_xpd_rx_on, 0x400076cc)
                0x400076fc                PROVIDE (rom_pbus_xpd_tx_off, 0x400076fc)
                0x40007740                PROVIDE (rom_pbus_xpd_tx_on, 0x40007740)
                0x400077a0                PROVIDE (rom_pbus_xpd_tx_on__low_gain, 0x400077a0)
                0x40007804                PROVIDE (rom_phy_reset_req, 0x40007804)
                0x4000781c                PROVIDE (rom_restart_cal, 0x4000781c)
                0x40007eb4                PROVIDE (rom_rfcal_pwrctrl, 0x40007eb4)
                0x4000804c                PROVIDE (rom_rfcal_rxiq, 0x4000804c)
                0x40008264                PROVIDE (rom_rfcal_rxiq_set_reg, 0x40008264)
                0x40008388                PROVIDE (rom_rfcal_txcap, 0x40008388)
                0x40008610                PROVIDE (rom_rfcal_txiq, 0x40008610)
                0x400088b8                PROVIDE (rom_rfcal_txiq_cover, 0x400088b8)
                0x40008a70                PROVIDE (rom_rfcal_txiq_set_reg, 0x40008a70)
                0x40007868                PROVIDE (rom_rfpll_reset, 0x40007868)
                0x40007968                PROVIDE (rom_rfpll_set_freq, 0x40007968)
                0x40008b6c                PROVIDE (rom_rxiq_cover_mg_mp, 0x40008b6c)
                0x40006628                PROVIDE (rom_rxiq_get_mis, 0x40006628)
                0x40006738                PROVIDE (rom_sar_init, 0x40006738)
                0x4000678c                PROVIDE (rom_set_ana_inf_tx_scale, 0x4000678c)
                0x40006c50                PROVIDE (rom_set_channel_freq, 0x40006c50)
                0x400067c8                PROVIDE (rom_set_loopback_gain, 0x400067c8)
                0x40006830                PROVIDE (rom_set_noise_floor, 0x40006830)
                0x40006550                PROVIDE (rom_set_rxclk_en, 0x40006550)
                0x40008c6c                PROVIDE (rom_set_txbb_atten, 0x40008c6c)
                0x4000650c                PROVIDE (rom_set_txclk_en, 0x4000650c)
                0x40008d34                PROVIDE (rom_set_txiq_cal, 0x40008d34)
                0x40006874                PROVIDE (rom_start_noisefloor, 0x40006874)
                0x400068b4                PROVIDE (rom_start_tx_tone, 0x400068b4)
                0x4000698c                PROVIDE (rom_stop_tx_tone, 0x4000698c)
                0x40006a98                PROVIDE (rom_tx_mac_disable, 0x40006a98)
                0x40006ad4                PROVIDE (rom_tx_mac_enable, 0x40006ad4)
                0x40006a1c                PROVIDE (rom_txtone_linear_pwr, 0x40006a1c)
                0x400078dc                PROVIDE (rom_write_rfpll_sdm, 0x400078dc)
                0x400031b4                PROVIDE (roundup2, 0x400031b4)
                0x40002870                PROVIDE (rtc_enter_sleep, 0x40002870)
                0x400025e0                PROVIDE (rtc_get_reset_reason, 0x400025e0)
                0x400029ec                PROVIDE (rtc_intr_handler, 0x400029ec)
                0x40002668                PROVIDE (rtc_set_sleep_mode, 0x40002668)
                0x400027a4                PROVIDE (save_rxbcn_mactime, 0x400027a4)
                0x400027ac                PROVIDE (save_tsf_us, 0x400027ac)
                0x40003c80                PROVIDE (send_packet, 0x40003c80)
                0x4000ba48                PROVIDE (sha1_prf, 0x4000ba48)
                0x4000a2ec                PROVIDE (sha1_vector, 0x4000a2ec)
                0x40005180                PROVIDE (sip_alloc_to_host_evt, 0x40005180)
                0x400058a8                PROVIDE (sip_get_ptr, 0x400058a8)
                0x40005668                PROVIDE (sip_get_state, 0x40005668)
                0x4000567c                PROVIDE (sip_init_attach, 0x4000567c)
                0x4000544c                PROVIDE (sip_install_rx_ctrl_cb, 0x4000544c)
                0x4000545c                PROVIDE (sip_install_rx_data_cb, 0x4000545c)
                0x400050fc                PROVIDE (sip_post, 0x400050fc)
                0x400056c4                PROVIDE (sip_post_init, 0x400056c4)
                0x4000534c                PROVIDE (sip_reclaim_from_host_cmd, 0x4000534c)
                0x400052c0                PROVIDE (sip_reclaim_tx_data_pkt, 0x400052c0)
                0x40005808                PROVIDE (sip_send, 0x40005808)
                0x40005864                PROVIDE (sip_to_host_chain_append, 0x40005864)
                0x40005234                PROVIDE (sip_to_host_evt_send_done, 0x40005234)
                0x400060ac                PROVIDE (slc_add_credits, 0x400060ac)
                0x40005d90                PROVIDE (slc_enable, 0x40005d90)
                0x40005f24                PROVIDE (slc_from_host_chain_fetch, 0x40005f24)
                0x40005e94                PROVIDE (slc_from_host_chain_recycle, 0x40005e94)
                0x40005c50                PROVIDE (slc_init_attach, 0x40005c50)
                0x4000608c                PROVIDE (slc_init_credit, 0x4000608c)
                0x40006014                PROVIDE (slc_pause_from_host, 0x40006014)
                0x40005c1c                PROVIDE (slc_reattach, 0x40005c1c)
                0x4000603c                PROVIDE (slc_resume_from_host, 0x4000603c)
                0x40005dc0                PROVIDE (slc_select_tohost_gpio, 0x40005dc0)
                0x40005db8                PROVIDE (slc_select_tohost_gpio_mode, 0x40005db8)
                0x40005de4                PROVIDE (slc_send_to_host_chain, 0x40005de4)
                0x40006068                PROVIDE (slc_set_host_io_max_window, 0x40006068)
                0x40005f10                PROVIDE (slc_to_host_chain_recycle, 0x40005f10)
                0x4000264c                PROVIDE (software_reset, 0x4000264c)
                0x40004644                PROVIDE (spi_flash_attach, 0x40004644)
                0x400005f0                PROVIDE (srand, 0x400005f0)
                0x4000bdc8                PROVIDE (strcmp, 0x4000bdc8)
                0x4000bec8                PROVIDE (strcpy, 0x4000bec8)
                0x4000bf4c                PROVIDE (strlen, 0x4000bf4c)
                0x4000bfa8                PROVIDE (strncmp, 0x4000bfa8)
                0x4000c0a0                PROVIDE (strncpy, 0x4000c0a0)
                0x4000e1e0                PROVIDE (strstr, 0x4000e1e0)
                0x40002c64                PROVIDE (timer_insert, 0x40002c64)
                0x4000383c                PROVIDE (uartAttach, 0x4000383c)
                0x40003924                PROVIDE (uart_baudrate_detect, 0x40003924)
                0x400038a4                PROVIDE (uart_buff_switch, 0x400038a4)
                0x400039d8                PROVIDE (uart_div_modify, 0x400039d8)
                0x40003bbc                PROVIDE (uart_rx_intr_handler, 0x40003bbc)
                0x40003b8c                PROVIDE (uart_rx_one_char, 0x40003b8c)
                0x40003b64                PROVIDE (uart_rx_one_char_block, 0x40003b64)
                0x40003ec8                PROVIDE (uart_rx_readbuff, 0x40003ec8)
                0x40003b30                PROVIDE (uart_tx_one_char, 0x40003b30)
                0x4000bc40                PROVIDE (wepkey_128, 0x4000bc40)
                0x4000bb3c                PROVIDE (wepkey_64, 0x4000bb3c)
                0x40000688                PROVIDE (xthal_bcopy, 0x40000688)
                0x4000074c                PROVIDE (xthal_copy123, 0x4000074c)
                0x4000dd4c                PROVIDE (xthal_get_ccompare, 0x4000dd4c)
                0x4000dd38                PROVIDE (xthal_get_ccount, 0x4000dd38)
                0x4000dd58                PROVIDE (xthal_get_interrupt, 0x4000dd58)
                0x4000dd58                PROVIDE (xthal_get_intread, 0x4000dd58)
                0x400006c4                PROVIDE (xthal_memcpy, 0x400006c4)
                0x4000dd40                PROVIDE (xthal_set_ccompare, 0x4000dd40)
                0x4000dd60                PROVIDE (xthal_set_intclear, 0x4000dd60)
                0x4000e320                PROVIDE (xthal_spill_registers_into_stack_nw, 0x4000e320)
                0x4000e324                PROVIDE (xthal_window_spill, 0x4000e324)
                0x4000e320                PROVIDE (xthal_window_spill_nw, 0x4000e320)
                0x3fffd100                PROVIDE (Td0, 0x3fffd100)
                0x3fffd500                PROVIDE (Td4s, 0x3fffd500)
                0x3fffd0f0                PROVIDE (rcons, 0x3fffd0f0)
                0x3fffccf0                PROVIDE (Te0, 0x3fffccf0)
                0x3fffde10                PROVIDE (UartDev, 0x3fffde10)
                0x3fffc700                PROVIDE (rtc_calib, 0x3fffc700)
                0x3fffc704                PROVIDE (cpu_clk_mhz, 0x3fffc704)
                0x3fffc708                PROVIDE (wdt_info, 0x3fffc708)
                0x3fffc714                PROVIDE (flashchip, 0x3fffc714)
                0x40001878                PROVIDE (esp_print_exception_regs, 0x40001878)
                0x400017e0                PROVIDE (esp_dump_regs, 0x400017e0)
                0x40001878                PROVIDE (esp_FatalException, 0x40001878)
                0x400017e0                PROVIDE (esp_exception9, 0x400017e0)
                0x40004568                PROVIDE (SPIFlashCnfig, 0x40004568)
                0x40001dcc                PROVIDE (_putc1, 0x40001dcc)
                0x400024a8                PROVIDE (_putc2_def, 0x400024a8)
                0x3fffd600                PROVIDE (base64_table, 0x3fffd600)
                0x3fffdd58                PROVIDE (printf_buf_len, 0x3fffdd58)
                0x3fffdd5c                PROVIDE (printf_pbuf, 0x3fffdd5c)
                0x3fffdcd0                PROVIDE (user_start_proc, 0x3fffdcd0)
                0x3fffdd64                PROVIDE (dtm_params, 0x3fffdd64)
                0x3fffc6fc                PROVIDE (ets_bit_task_priority, 0x3fffc6fc)
                0x3fffdab0                PROVIDE (ets_idle_cb, 0x3fffdab0)
                0x3fffdab4                PROVIDE (ets_idle_arg, 0x3fffdab4)
                0x3fffdab8                PROVIDE (ets_bit_count_task, 0x3fffdab8)
                0x3fffdac0                PROVIDE (ets_tab_task, 0x3fffdac0)
                0x3fffddb0                PROVIDE (timer_list, 0x3fffddb0)
                0x3fffeb30                PROVIDE (rom_bss_end, 0x3fffeb30)
                0x3fffe360                PROVIDE (_sprintf_buf, 0x3fffe360)
                0x3fffe364                PROVIDE (print_mem_buf, 0x3fffe364)
                0x3ff00000                PROVIDE (dport_, 0x3ff00000)
                0x3ff20000                PROVIDE (io2_regs_, 0x3ff20000)
                0x60000000                PROVIDE (uart0_, 0x60000000)
                0x60000100                PROVIDE (spi1_, 0x60000100)
                0x60000200                PROVIDE (spi0_, 0x60000200)
                0x60000300                PROVIDE (gpio_, 0x60000300)
                0x60000500                PROVIDE (hdrf_, 0x60000500)
                0x60000600                PROVIDE (timer_, 0x60000600)
                0x60000700                PROVIDE (rtc_, 0x60000700)
                0x60000800                PROVIDE (iomux_, 0x60000800)
                0x60000900                PROVIDE (wdt_, 0x60000900)
                0x60000a00                PROVIDE (sdio_, 0x60000a00)
                0x60000b00                PROVIDE (scl_, 0x60000b00)
                0x60000d00                PROVIDE (sar_, 0x60000d00)
                0x60000e00                PROVIDE (i2s_, 0x60000e00)
                0x60000f00                PROVIDE (uart1_, 0x60000f00)
                0x60001000                PROVIDE (rtc_ram_, 0x60001000)
                0x60001100                PROVIDE (rtc_mem_, 0x60001100)
                0x60009800                PROVIDE (io4_regs_, 0x60009800)
                0x00000110                PROVIDE (_memmap_cacheattr_wb_base, 0x110)
                0x00000110                PROVIDE (_memmap_cacheattr_wt_base, 0x110)
                0x00000220                PROVIDE (_memmap_cacheattr_bp_base, 0x220)
                0x22222112                PROVIDE (_memmap_cacheattr_wb_allvalid, 0x22222112)
                0x22222112                PROVIDE (_memmap_cacheattr_wt_allvalid, 0x22222112)
                0x2222211f                PROVIDE (_memmap_cacheattr_wb_trapnull, 0x2222211f)
                0x2222211f                PROVIDE (_memmap_cacheattr_wba_trapnull, 0x2222211f)
                0x2222211f                PROVIDE (_memmap_cacheattr_wbna_trapnull, 0x2222211f)
                0x2222211f                PROVIDE (_memmap_cacheattr_wt_trapnull, 0x2222211f)
                0x22222222                PROVIDE (_memmap_cacheattr_bp_allvalid, 0x22222222)
                0x2222222f                PROVIDE (_memmap_cacheattr_bp_trapnull, 0x2222222f)
                0x3ff00000                PROVIDE (_dport0_data_end, 0x3ff00000)
                0x3ff00000                PROVIDE (_dport0_data_start, 0x3ff00000)
                0x3ff00000                PROVIDE (_dport0_literal_end, 0x3ff00000)
                0x3ff00000                PROVIDE (_dport0_literal_start, 0x3ff00000)
                0x3ff00000                PROVIDE (_dport0_rodata_end, 0x3ff00000)
                0x3ff00000                PROVIDE (_dport0_rodata_start, 0x3ff00000)
                0x3ff00000                PROVIDE (dport_, 0x3ff00000)
                0x3ffe8000                PROVIDE (_data_start, 0x3ffe8000)
                0x3ffe8000                PROVIDE (SDK_VERSION, 0x3ffe8000)
                0x3ffe8008                PROVIDE (TmpSTAAPCloseAP, 0x3ffe8008)
                0x3ffe800a                PROVIDE (memp_sizes_test, 0x3ffe800a)
                0x3ffe8012                PROVIDE (tx_rf_ana_gain, 0x3ffe8012)
                0x3ffe8040                PROVIDE (rx_gain_swp, 0x3ffe8040)
                0x3ffe8060                PROVIDE (test_rffreq_txcap, 0x3ffe8060)
                0x3ffe8064                PROVIDE (chip_version, 0x3ffe8064)
                0x3ffe8070                PROVIDE (soft_wdt_interval, 0x3ffe8070)
                0x3ffe8074                PROVIDE (NoiseTimerInterval, 0x3ffe8074)
                0x3ffe807c                PROVIDE (sleep_start_wait_time, 0x3ffe807c)
                0x3ffe8084                PROVIDE (CanDoFreqCal, 0x3ffe8084)
                0x3ffe8088                PROVIDE (tcb, 0x3ffe8088)
                0x3ffe832d                PROVIDE (timer2_ms_flag, 0x3ffe832d)
                0x3ffe832e                PROVIDE (dhcps_flag, 0x3ffe832e)
                0x3ffe832f                PROVIDE (dhcpc_flag, 0x3ffe832f)
                0x3ffe8331                PROVIDE (reconnect_internal, 0x3ffe8331)
                0x3ffe8344                PROVIDE (offer, 0x3ffe8344)
                0x3ffe8364                PROVIDE (FRAM_Status, 0x3ffe8364)
                0x3ffe8368                PROVIDE (i2c_delay_time, 0x3ffe8368)
                0x3ffe836c                PROVIDE (HTTPCookie, 0x3ffe836c)
                0x3ffe8370                PROVIDE (HTTPAuthorization, 0x3ffe8370)
                0x3ffe8374                PROVIDE (HTTPboundary, 0x3ffe8374)
                0x3ffe8378                PROVIDE (HTTPmultipartformdata, 0x3ffe8378)
                0x3ffe837c                PROVIDE (HTTPContentType, 0x3ffe837c)
                0x3ffe8380                PROVIDE (HTTPContentLength, 0x3ffe8380)
                0x3ffe8384                PROVIDE (srvContenErr, 0x3ffe8384)
                0x3ffe83c4                PROVIDE (_data_end, 0x3ffe83c4)
                0x3ffe83c4                PROVIDE (_rodata_start, 0x3ffe83c4)
                0x3ffe83c4                PROVIDE (ethzero, 0x3ffe83c4)
                0x3ffe83ca                PROVIDE (ethbroadcast, 0x3ffe83ca)
                0x3ffe8480                PROVIDE (year_lengths, 0x3ffe8480)
                0x3ffe8488                PROVIDE (mon_lengths, 0x3ffe8488)
                0x3ffe84e8                PROVIDE (httpContentTypes, 0x3ffe84e8)
                0x3ffe8534                PROVIDE (httpFileExtensions, 0x3ffe8534)
                0x3ffe8b58                PROVIDE (_bss_start, 0x3ffe8b58)
                0x3ffe8b58                PROVIDE (_bss_table_end, 0x3ffe8b58)
                0x3ffe8b58                PROVIDE (_bss_table_start, 0x3ffe8b58)
                0x3ffe8b58                PROVIDE (_rodata_end, 0x3ffe8b58)
                0x3ffe8b58                PROVIDE (etharp_cached_entry, 0x3ffe8b58)
                0x3ffe8b5c                PROVIDE (arp_table, 0x3ffe8b5c)
                0x3ffe8c4c                PROVIDE (g_ic, 0x3ffe8c4c)
                0x3ffe92d8                PROVIDE (BcnEb_update, 0x3ffe92d8)
                0x3ffe92e5                PROVIDE (BcnWithMcastSendStart, 0x3ffe92e5)
                0x3ffe92e6                PROVIDE (BcnWithMcastSendCnt, 0x3ffe92e6)
                0x3ffe9300                PROVIDE (PendFreeBcnEb, 0x3ffe9300)
                0x3ffe9304                PROVIDE (ApFreqCalTimer, 0x3ffe9304)
                0x3ffe9318                PROVIDE (APRecvBcnStartTick, 0x3ffe9318)
                0x3ffe9330                PROVIDE (gScanStruct, 0x3ffe9330)
                0x3ffe93dc                PROVIDE (connect_scan_flag, 0x3ffe93dc)
                0x3ffe93dd                PROVIDE (FreqCalCntForScan, 0x3ffe93dd)
                0x3ffe93de                PROVIDE (TestStaFreqCalValInput, 0x3ffe93de)
                0x3ffe93e0                PROVIDE (auth_type, 0x3ffe93e0)
                0x3ffe93e2                PROVIDE (scannum, 0x3ffe93e2)
                0x3ffe9410                PROVIDE (interface_mask, 0x3ffe9410)
                0x3ffe9430                PROVIDE (if_ctrl, 0x3ffe9430)
                0x3ffe9450                PROVIDE (ip_id, 0x3ffe9450)
                0x3ffe9474                PROVIDE (lmacConfMib, 0x3ffe9474)
                0x3ffe9498                PROVIDE (our_tx_eb, 0x3ffe9498)
                0x3ffe95c0                PROVIDE (xStart, 0x3ffe95c0)
                0x3ffe95d0                PROVIDE (g_phyFuns, 0x3ffe95d0)
                0x3ffe95d4                PROVIDE (rxiq_compute_num, 0x3ffe95d4)
                0x3ffe95d8                PROVIDE (rx_table_renew_en, 0x3ffe95d8)
                0x3ffe95dc                PROVIDE (check_result, 0x3ffe95dc)
                0x3ffe95e0                PROVIDE (chip6_sleep_params, 0x3ffe95e0)
                0x3ffe9674                PROVIDE (chip6_phy_init_ctrl, 0x3ffe9674)
                0x3ffe96e8                PROVIDE (phy_freq_offset, 0x3ffe96e8)
                0x3ffe96ea                PROVIDE (do_pwctrl_flag, 0x3ffe96ea)
                0x3ffe96eb                PROVIDE (pwctrl_debug, 0x3ffe96eb)
                0x3ffe96ec                PROVIDE (txbk_dpdby_flag, 0x3ffe96ec)
                0x3ffe96ee                PROVIDE (sw_scan_mode, 0x3ffe96ee)
                0x3ffe96ef                PROVIDE (rxmax_ext_level, 0x3ffe96ef)
                0x3ffe96f0                PROVIDE (phy_rx_gain_dc_table, 0x3ffe96f0)
                0x3ffe9704                PROVIDE (periodic_cal_dc_num, 0x3ffe9704)
                0x3ffe9708                PROVIDE (periodic_cal_flag, 0x3ffe9708)
                0x3ffe9709                PROVIDE (bbpll_cal_flag, 0x3ffe9709)
                0x3ffe970a                PROVIDE (phy_in_most_power, 0x3ffe970a)
                0x3ffe970b                PROVIDE (init_rf_no_cal, 0x3ffe970b)
                0x3ffe970c                PROVIDE (test_print_time, 0x3ffe970c)
                0x3ffe9710                PROVIDE (phy_rx_gain_dc_flag, 0x3ffe9710)
                0x3ffe9711                PROVIDE (phy_in_vdd33_offset, 0x3ffe9711)
                0x3ffe9712                PROVIDE (phy_set_most_tpw_disbg, 0x3ffe9712)
                0x3ffe9713                PROVIDE (phy_set_most_tpw_index, 0x3ffe9713)
                0x3ffe9714                PROVIDE (adc_rand_noise, 0x3ffe9714)
                0x3ffe9718                PROVIDE (dpd_bypass_original, 0x3ffe9718)
                0x3ffe9720                PROVIDE (noise_array, 0x3ffe9720)
                0x3ffe9730                PROVIDE (tout_dis_txpwr_track, 0x3ffe9730)
                0x3ffe9731                PROVIDE (sleep_mode_flag, 0x3ffe9731)
                0x3ffe9734                PROVIDE (phy_tx_power_out, 0x3ffe9734)
                0x3ffe9736                PROVIDE (loop_pwctrl_pwdet_error_accum_high_power, 0x3ffe9736)
                0x3ffe9738                PROVIDE (tx_pwctrl_pk_num, 0x3ffe9738)
                0x3ffe9739                PROVIDE (tx_pwctrl_track_num, 0x3ffe9739)
                0x3ffe973a                PROVIDE (loop_pwctrl_correct_atten_high_power, 0x3ffe973a)
                0x3ffe973b                PROVIDE (rxiq_cover_fail_num, 0x3ffe973b)
                0x3ffe973c                PROVIDE (periodic_cal_sat, 0x3ffe973c)
                0x3ffe973e                PROVIDE (lslp_mem_opt_8266, 0x3ffe973e)
                0x3ffe9740                PROVIDE (software_slp_reject, 0x3ffe9740)
                0x3ffe9741                PROVIDE (SDIO_slp_reject, 0x3ffe9741)
                0x3ffe9742                PROVIDE (hardware_reject, 0x3ffe9742)
                0x3ffe9750                PROVIDE (pmc, 0x3ffe9750)
                0x3ffe9830                PROVIDE (flash_tmp, 0x3ffe9830)
                0x3ffe98b8                PROVIDE (pend_flag_noise_check, 0x3ffe98b8)
                0x3ffe98c0                PROVIDE (pend_flag_periodic_cal, 0x3ffe98c0)
                0x3ffe98d8                PROVIDE (idle_timer_reopen_flag, 0x3ffe98d8)
                0x3ffe98da                PROVIDE (dbg_stop_sw_wdt, 0x3ffe98da)
                0x3ffe98db                PROVIDE (dbg_stop_hw_wdt, 0x3ffe98db)
                0x3ffe98dd                PROVIDE (total_buffed_eb_num, 0x3ffe98dd)
                0x3ffe98e0                PROVIDE (HighestFreqOffsetInOneChk, 0x3ffe98e0)
                0x3ffe98e2                PROVIDE (LowestFreqOffsetInOneChk, 0x3ffe98e2)
                0x3ffe98e4                PROVIDE (DefFreqCalTimer, 0x3ffe98e4)
                0x3ffe98f8                PROVIDE (PktNumInOneChk, 0x3ffe98f8)
                0x3ffe9a80                PROVIDE (buffed_eb_arr, 0x3ffe9a80)
                0x3ffe9cd0                PROVIDE (tcp_timer, 0x3ffe9cd0)
                0x3ffe9cd4                PROVIDE (recv_flags, 0x3ffe9cd4)
                0x3ffe9cd6                PROVIDE (tcplen, 0x3ffe9cd6)
                0x3ffe9cd8                PROVIDE (flags, 0x3ffe9cd8)
                0x3ffe9cdc                PROVIDE (seqno, 0x3ffe9cdc)
                0x3ffe9ce0                PROVIDE (inseg, 0x3ffe9ce0)
                0x3ffea267                PROVIDE (deep_sleep_flag, 0x3ffea267)
                0x3ffea268                PROVIDE (cpu_overclock, 0x3ffea268)
                0x3ffea26c                PROVIDE (event_cb, 0x3ffea26c)
                0x3ffea270                PROVIDE (status_led_output_level, 0x3ffea270)
                0x3ffea274                PROVIDE (done_cb, 0x3ffea274)
                0x3ffea278                PROVIDE (rst_if, 0x3ffea278)
                0x3ffea294                PROVIDE (default_interface, 0x3ffea294)
                0x3ffea295                PROVIDE (OpmodChgIsOnGoing, 0x3ffea295)
                0x3ffea298                PROVIDE (promiscuous_cb, 0x3ffea298)
                0x3ffea2b0                PROVIDE (event_TaskQueue, 0x3ffea2b0)
                0x3ffea3c0                PROVIDE (wDevCtrl, 0x3ffea3c0)
                0x3ffea568                PROVIDE (WdevTimOffSet, 0x3ffea568)
                0x3ffed6e8                PROVIDE (sta_con_timer, 0x3ffed6e8)
                0x3ffed6fc                PROVIDE (g_cnx_probe_rc_list_cb, 0x3ffed6fc)
                0x3ffed700                PROVIDE (reconnect_flag, 0x3ffed700)
                0x3ffed701                PROVIDE (no_ap_found_index, 0x3ffed701)
                0x3ffed97c                PROVIDE (client_address_plus, 0x3ffed97c)
                0x3ffed980                PROVIDE (client_address, 0x3ffed980)
                0x3ffed984                PROVIDE (server_address, 0x3ffed984)
                0x3ffed988                PROVIDE (broadcast_dhcps, 0x3ffed988)
                0x3ffed98c                PROVIDE (dns_random, 0x3ffed98c)
                0x3ffed990                PROVIDE (dns_servers, 0x3ffed990)
                0x3ffed998                PROVIDE (dns_seqno, 0x3ffed998)
                0x3ffee450                PROVIDE (allrouters, 0x3ffee450)
                0x3ffee454                PROVIDE (allsystems, 0x3ffee454)
                0x3ffee458                PROVIDE (user_idle_func_working, 0x3ffee458)
                0x3ffee459                PROVIDE (FRAM_STORE_Readed, 0x3ffee459)
                0x3ffee45c                PROVIDE (PowerCntTime, 0x3ffee45c)
                0x3ffee460                PROVIDE (PowerCnt, 0x3ffee460)
                0x3ffee464                PROVIDE (info, 0x3ffee464)
                0x3ffee488                PROVIDE (user_init_flag, 0x3ffee488)
                0x3ffee48a                PROVIDE (lwip_timer_interval, 0x3ffee48a)
                0x3ffee48c                PROVIDE (default_hostname, 0x3ffee48c)
                0x3ffee490                PROVIDE (current_iphdr_src, 0x3ffee490)
                0x3ffee494                PROVIDE (current_netif, 0x3ffee494)
                0x3ffee498                PROVIDE (current_iphdr_dest, 0x3ffee498)
                0x3ffee49c                PROVIDE (current_header, 0x3ffee49c)
                0x3ffee4a0                PROVIDE (tcp_listen_pcbs, 0x3ffee4a0)
                0x3ffee4a4                PROVIDE (dhcp_rx_options_given, 0x3ffee4a4)
                0x3ffee4b0                PROVIDE (dhcp_rx_options_val, 0x3ffee4b0)
                0x3ffee4dc                PROVIDE (dhcp_sntp_server_address, 0x3ffee4dc)
                0x3ffee4e0                PROVIDE (dhcps_lease, 0x3ffee4e0)
                0x3ffee4e8                PROVIDE (dns_table, 0x3ffee4e8)
                0x3ffee948                PROVIDE (fram_store, 0x3ffee948)
                0x3ffee958                PROVIDE (CntCurrent, 0x3ffee958)
                0x3ffee95c                PROVIDE (cfg_meter, 0x3ffee95c)
                0x3ffee964                PROVIDE (Sensor_Edge, 0x3ffee964)
                0x3ffee968                PROVIDE (I2C_EEPROM_Error, 0x3ffee968)
                0x3ffee96c                PROVIDE (wificonfig, 0x3ffee96c)
                0x3ffeea9c                PROVIDE (syscfg, 0x3ffeea9c)
                0x3ffeeaa8                PROVIDE (fatCache, 0x3ffeeaa8)
                0x3ffeeab8                PROVIDE (flash_firmware_size, 0x3ffeeab8)
                0x3ffeeac0                PROVIDE (_bss_end, 0x3ffeeac0)
                0x3ffeeac0                PROVIDE (_heap_start, 0x3ffeeac0)
                0x3fffc714                PROVIDE (flashchip, 0x3fffc714)
                0x3fffccf0                PROVIDE (Te0, 0x3fffccf0)
                0x3fffd0f0                PROVIDE (rcons, 0x3fffd0f0)
                0x3fffd600                PROVIDE (base64_table, 0x3fffd600)
                0x3fffdab0                PROVIDE (ets_idle_cb, 0x3fffdab0)
                0x3fffddb0                PROVIDE (timer_list, 0x3fffddb0)
                0x3fffde10                PROVIDE (UartDev, 0x3fffde10)
                0x3fffe360                PROVIDE (_sprintf_buf, 0x3fffe360)
                0x3fffe364                PROVIDE (print_mem_buf, 0x3fffe364)
                0x40000080                PROVIDE (_ResetVector, 0x40000080)
                0x40000454                PROVIDE (_xtos_set_exception_handler, 0x40000454)
                0x40000650                PROVIDE (__muldi3, 0x40000650)
                0x40000dc0                PROVIDE (ets_set_idle_cb, 0x40000dc0)
                0x40000dd0                PROVIDE (ets_task, 0x40000dd0)
                0x40000e04                PROVIDE (ets_run, 0x40000e04)
                0x40000e24                PROVIDE (ets_post, 0x40000e24)
                0x40000f74                PROVIDE (ets_intr_lock, 0x40000f74)
                0x40000f80                PROVIDE (ets_intr_unlock, 0x40000f80)
                0x40000f88                PROVIDE (ets_isr_attach, 0x40000f88)
                0x40000f98                PROVIDE (ets_isr_mask, 0x40000f98)
                0x40000fa8                PROVIDE (ets_isr_unmask, 0x40000fa8)
                0x40000fbc                PROVIDE (ets_set_user_start, 0x40000fbc)
                0x400018a4                PROVIDE (ets_memset, 0x400018a4)
                0x400018b4                PROVIDE (ets_memcpy, 0x400018b4)
                0x400018d4                PROVIDE (ets_memcmp, 0x400018d4)
                0x40001da0                PROVIDE (ets_write_char, 0x40001da0)
                0x40001f00                PROVIDE (ets_vprintf, 0x40001f00)
                0x4000242c                PROVIDE (ets_install_putc1, 0x4000242c)
                0x400024cc                PROVIDE (ets_printf, 0x400024cc)
                0x400025e0                PROVIDE (rtc_get_reset_reason, 0x400025e0)
                0x40002a88                PROVIDE (ets_strcpy, 0x40002a88)
                0x40002a98                PROVIDE (ets_strncpy, 0x40002a98)
                0x40002aa8                PROVIDE (ets_strcmp, 0x40002aa8)
                0x40002ab8                PROVIDE (ets_strncmp, 0x40002ab8)
                0x40002ac8                PROVIDE (ets_strlen, 0x40002ac8)
                0x40002ae8                PROVIDE (ets_bzero, 0x40002ae8)
                0x40002c48                PROVIDE (ets_timer_setfn, 0x40002c48)
                0x40002c64                PROVIDE (timer_insert, 0x40002c64)
                0x40002d40                PROVIDE (ets_timer_disarm, 0x40002d40)
                0x40002e68                PROVIDE (ets_timer_init, 0x40002e68)
                0x40002ecc                PROVIDE (ets_delay_us, 0x40002ecc)
                0x40002f04                PROVIDE (ets_update_cpu_frequency, 0x40002f04)
                0x40002f0c                PROVIDE (ets_get_cpu_frequency, 0x40002f0c)
                0x40002f34                PROVIDE (ets_wdt_get_mode, 0x40002f34)
                0x400031b4                PROVIDE (roundup2, 0x400031b4)
                0x400038a4                PROVIDE (uart_buff_switch, 0x400038a4)
                0x400039d8                PROVIDE (uart_div_modify, 0x400039d8)
                0x40003a14                PROVIDE (Uart_Init, 0x40003a14)
                0x40003f58                PROVIDE (SelectSpiFunction, 0x40003f58)
                0x400043c8                PROVIDE (SPI_read_status, 0x400043c8)
                0x40004400                PROVIDE (SPI_write_status, 0x40004400)
                0x4000448c                PROVIDE (Wait_SPI_Idle, 0x4000448c)
                0x40004568                PROVIDE (SPIFlashCnfig, 0x40004568)
                0x40004678                PROVIDE (Cache_Read_Enable, 0x40004678)
                0x400047f0                PROVIDE (Cache_Read_Disable, 0x400047f0)
                0x400048ec                PROVIDE (SPIReadModeCnfig, 0x400048ec)
                0x400049b4                PROVIDE (SPIEraseBlock, 0x400049b4)
                0x40004a00                PROVIDE (SPIEraseSector, 0x40004a00)
                0x40004a4c                PROVIDE (SPIWrite, 0x40004a4c)
                0x40004cd0                PROVIDE (gpio_output_set, 0x40004cd0)
                0x40004cf0                PROVIDE (gpio_input_get, 0x40004cf0)
                0x40004d90                PROVIDE (gpio_pin_intr_state_set, 0x40004d90)
                0x40004f40                PROVIDE (lldesc_build_chain, 0x40004f40)
                0x40005050                PROVIDE (lldesc_num2link, 0x40005050)
                0x400060d0                PROVIDE (rom_chip_v5_disable_cca, 0x400060d0)
                0x400060ec                PROVIDE (rom_chip_v5_enable_cca, 0x400060ec)
                0x40006b08                PROVIDE (phy_get_romfuncs, 0x40006b08)
                0x40007268                PROVIDE (rom_i2c_readReg, 0x40007268)
                0x400072d8                PROVIDE (rom_i2c_writeReg, 0x400072d8)
                0x4000730c                PROVIDE (rom_i2c_writeReg_Mask, 0x4000730c)
                0x40009410                PROVIDE (aes_unwrap, 0x40009410)
                0x4000a2cc                PROVIDE (hmac_md5, 0x4000a2cc)
                0x4000b840                PROVIDE (pbkdf2_sha1, 0x4000b840)
                0x4000b8b4                PROVIDE (hmac_sha1_vector, 0x4000b8b4)
                0x4000ba28                PROVIDE (hmac_sha1, 0x4000ba28)
                0x4000ba48                PROVIDE (sha1_prf, 0x4000ba48)
                0x4000c180                PROVIDE (__addsf3, 0x4000c180)
                0x4000c268                PROVIDE (__subsf3, 0x4000c268)
                0x4000c3dc                PROVIDE (__mulsf3, 0x4000c3dc)
                0x4000c4c4                PROVIDE (__fixunssfsi, 0x4000c4c4)
                0x4000c8f0                PROVIDE (__muldf3, 0x4000c8f0)
                0x4000cb94                PROVIDE (__divdf3, 0x4000cb94)
                0x4000ccb8                PROVIDE (__fixdfsi, 0x4000ccb8)
                0x4000cd5c                PROVIDE (__truncdfsf2, 0x4000cd5c)
                0x4000ce60                PROVIDE (__divdi3, 0x4000ce60)
                0x4000d770                PROVIDE (__umoddi3, 0x4000d770)
                0x4000dc88                PROVIDE (__divsi3, 0x4000dc88)
                0x4000dd68                PROVIDE (rc4_skip, 0x4000dd68)
                0x4000df48                PROVIDE (memcpy, 0x4000df48)
                0x4000e21c                PROVIDE (__udivsi3, 0x4000e21c)
                0x4000e268                PROVIDE (__umodsi3, 0x4000e268)
                0x4000e2a4                PROVIDE (__floatunsisf, 0x4000e2a4)
                0x4000e2ac                PROVIDE (__floatsisf, 0x4000e2ac)
                0x4000e2e8                PROVIDE (__floatunsidf, 0x4000e2e8)
                0x4000e2f0                PROVIDE (__floatsidf, 0x4000e2f0)
                0x40100000                PROVIDE (_stext, 0x40100000)
                0x40100000                PROVIDE (_text_start, 0x40100000)
                0x40100000                PROVIDE (jump_boot, 0x40100000)
                0x40100024                PROVIDE (set_qspi_flash_cache, 0x40100024)
                0x40100074                PROVIDE (uart0_write_char, 0x40100074)
                0x401000cc                PROVIDE (call_jump_boot, 0x401000cc)
                0x4010013c                PROVIDE (uart1_write_char, 0x4010013c)
                0x4010018c                PROVIDE (user_uart_wait_tx_fifo_empty, 0x4010018c)
                0x401001d0                PROVIDE (ets_timer_arm_new, 0x401001d0)
                0x401002a4                PROVIDE (lmacIsActive, 0x401002a4)
                0x401002b8                PROVIDE (lmacIsIdle, 0x401002b8)
                0x40100754                PROVIDE (lmacSetAcParam, 0x40100754)
                0x401007a8                PROVIDE (lmacProcessTXStartData, 0x401007a8)
                0x40100928                PROVIDE (lmacProcessTxSuccess, 0x40100928)
                0x40100a6c                PROVIDE (GetAccess, 0x40100a6c)
                0x40100a78                PROVIDE (lmacDiscardAgedMSDU, 0x40100a78)
                0x40100a8c                PROVIDE (lmacRecycleMPDU, 0x40100a8c)
                0x40101064                PROVIDE (lmacProcessTxTimeout, 0x40101064)
                0x401010cc                PROVIDE (lmacProcessAllTxTimeout, 0x401010cc)
                0x401010e0                PROVIDE (lmacProcessCollisions, 0x401010e0)
                0x40101140                PROVIDE (lmacProcessCollision, 0x40101140)
                0x401011c4                PROVIDE (lmacMSDUAged, 0x401011c4)
                0x40101554                PROVIDE (lmacProcessCtsTimeout, 0x40101554)
                0x4010158c                PROVIDE (lmacProcessAckTimeout, 0x4010158c)
                0x401015e4                PROVIDE (lmacProcessRtsStart, 0x401015e4)
                0x401015f0                PROVIDE (lmacProcessTxRtsError, 0x401015f0)
                0x40101690                PROVIDE (lmacProcessTxError, 0x40101690)
                0x40101720                PROVIDE (lmacTxFrame, 0x40101720)
                0x401018bc                PROVIDE (lmacRxDone, 0x401018bc)
                0x401018dc                PROVIDE (prvInsertBlockIntoFreeList, 0x401018dc)
                0x40101924                PROVIDE (pvPortMalloc, 0x40101924)
                0x401019d4                PROVIDE (vPortFree, 0x401019d4)
                0x40101a24                PROVIDE (pvPortCalloc, 0x40101a24)
                0x40101a54                PROVIDE (pvPortZalloc, 0x40101a54)
                0x40101a68                PROVIDE (pvPortRealloc, 0x40101a68)
                0x40101aa0                PROVIDE (xPortGetFreeHeapSize, 0x40101aa0)
                0x40101aa8                PROVIDE (vPortInitialiseBlocks, 0x40101aa8)
                0x40101aac                PROVIDE (xPortWantedSizeAlign, 0x40101aac)
                0x40101ac4                PROVIDE (register_phy_ops, 0x40101ac4)
                0x40101ae4                PROVIDE (register_get_phy_addr, 0x40101ae4)
                0x40101aec                PROVIDE (phy_change_channel, 0x40101aec)
                0x40101b04                PROVIDE (phy_get_mactime, 0x40101b04)
                0x40101b10                PROVIDE (unsign_to_sign, 0x40101b10)
                0x40101b48                PROVIDE (phy_get_bb_freqoffset, 0x40101b48)
                0x40101bac                PROVIDE (phy_get_bb_evm, 0x40101bac)
                0x40101bcc                PROVIDE (pm_rtc_clock_cali, 0x40101bcc)
                0x40101c88                PROVIDE (clockgate_watchdog, 0x40101c88)
                0x40101cec                PROVIDE (pp_soft_wdt_feed_local, 0x40101cec)
                0x40101d80                PROVIDE (ppProcessTxQ, 0x40101d80)
                0x40101df4                PROVIDE (ppFetchTxQFirstAvail, 0x40101df4)
                0x40101e34                PROVIDE (ppDequeueTxQ, 0x40101e34)
                0x40101e5c                PROVIDE (ppRollBackTxQ, 0x40101e5c)
                0x40101e80                PROVIDE (ppRecordBarRRC, 0x40101e80)
                0x40101e90                PROVIDE (ppTxqUpdateBitmap, 0x40101e90)
                0x40101eb8                PROVIDE (ppEnqueueTxDone, 0x40101eb8)
                0x40101eec                PROVIDE (ppEnqueueRxq, 0x40101eec)
                0x401023d4                PROVIDE (ppDiscardMPDU, 0x401023d4)
                0x401023f8                PROVIDE (pp_post, 0x401023f8)
                0x40102484                PROVIDE (pp_post2, 0x40102484)
                0x401024ac                PROVIDE (ppCalTxop, 0x401024ac)
                0x4010252c                PROVIDE (ppCalFrameTimes, 0x4010252c)
                0x401025bc                PROVIDE (RC_GetAckRate, 0x401025bc)
                0x401025c8                PROVIDE (RC_GetRtsRate, 0x401025c8)
                0x401025d8                PROVIDE (RC_GetAckTime, 0x401025d8)
                0x401025ec                PROVIDE (RC_GetCtsTime, 0x401025ec)
                0x40102624                PROVIDE (RC_GetBlockAckTime, 0x40102624)
                0x40102694                PROVIDE (copy_s4d1, 0x40102694)
                0x40102728                PROVIDE (copy_s1d4, 0x40102728)
                0x401027c0                PROVIDE (eRamRead, 0x401027c0)
                0x401027e8                PROVIDE (eRamWrite, 0x401027e8)
                0x4010280c                PROVIDE (rom_strlen, 0x4010280c)
                0x40102840                PROVIDE (rom_strcpy, 0x40102840)
                0x401028a4                PROVIDE (rom_xstrcpy, 0x401028a4)
                0x401028f4                PROVIDE (rom_xstrcmp, 0x401028f4)
                0x4010293c                PROVIDE (rom_strchr, 0x4010293c)
                0x40102978                PROVIDE (get_align4_chr, 0x40102978)
                0x40102990                PROVIDE (write_align4_chr, 0x40102990)
                0x401029b0                PROVIDE (Cache_Read_Enable_New, 0x401029b0)
                0x401029d8                PROVIDE (spi_flash_read, 0x401029d8)
                0x40102b14                PROVIDE (spi_flash_get_id, 0x40102b14)
                0x40102b64                PROVIDE (spi_flash_read_status, 0x40102b64)
                0x40102ba0                PROVIDE (spi_flash_write_status, 0x40102ba0)
                0x40102bdc                PROVIDE (spi_flash_erase_sector, 0x40102bdc)
                0x40102c2c                PROVIDE (spi_flash_write, 0x40102c2c)
                0x40102c94                PROVIDE (spi_flash_erase_block, 0x40102c94)
                0x40102cdc                PROVIDE (tcp_accept_null, 0x40102cdc)
                0x40102cf0                PROVIDE (tcp_new_port, 0x40102cf0)
                0x40102d60                PROVIDE (tcp_close_shutdown, 0x40102d60)
                0x40102eb8                PROVIDE (dns_timer, 0x40102eb8)
                0x40102ee4                PROVIDE (igmp_timer, 0x40102ee4)
                0x40102f10                PROVIDE (dhcp_timer_fine, 0x40102f10)
                0x40102f44                PROVIDE (dhcp_timer_coarse, 0x40102f44)
                0x40103140                PROVIDE (rcUpdateTxDone, 0x40103140)
                0x401031d4                PROVIDE (rcUpdateRxDone, 0x401031d4)
                0x40103230                PROVIDE (rcUpdateDataRxDone, 0x40103230)
                0x4010324c                PROVIDE (rcGetSched, 0x4010324c)
                0x40103330                PROVIDE (rcGetRate, 0x40103330)
                0x40103844                PROVIDE (rcReachRetryLimit, 0x40103844)
                0x4010385c                PROVIDE (trc_NeedRTS, 0x4010385c)
                0x4010392c                PROVIDE (os_printf_plus, 0x4010392c)
                0x40103a58                PROVIDE (system_restart_core, 0x40103a58)
                0x40103a94                PROVIDE (system_deep_sleep_local_2, 0x40103a94)
                0x40103b04                PROVIDE (system_get_time, 0x40103b04)
                0x40103b1c                PROVIDE (system_os_post, 0x40103b1c)
                0x40103b50                PROVIDE (system_rtc_mem_write, 0x40103b50)
                0x40103ba8                PROVIDE (system_rtc_mem_read, 0x40103ba8)
                0x40103fa4                PROVIDE (wDev_MacTim1SetFunc, 0x40103fa4)
                0x40103fc4                PROVIDE (wDev_MacTim1Arm, 0x40103fc4)
                0x4010405c                PROVIDE (wDev_ProcessFiq, 0x4010405c)
                0x401043a0                PROVIDE (wDev_EnableTransmit, 0x401043a0)
                0x401043d8                PROVIDE (wDev_DisableTransmit, 0x401043d8)
                0x401043f8                PROVIDE (Tx_Copy2Queue, 0x401043f8)
                0x40104440                PROVIDE (wDev_ProcessCollision, 0x40104440)
                0x40104464                PROVIDE (wDev_GetTxqCollisions, 0x40104464)
                0x40104478                PROVIDE (wDev_ClearTxqCollisions, 0x40104478)
                0x40104494                PROVIDE (wDev_SetWaitingQueue, 0x40104494)
                0x401044dc                PROVIDE (wDev_ClearWaitingQueue, 0x401044dc)
                0x40104500                PROVIDE (wDev_SetFrameAckType, 0x40104500)
                0x40104564                PROVIDE (wDev_AppendRxBlocks, 0x40104564)
                0x401046a8                PROVIDE (wDev_AppendRxAmpduLensBlocks, 0x401046a8)
                0x4010477c                PROVIDE (wDev_GetBAInfo, 0x4010477c)
                0x401047b0                PROVIDE (wDevDisableRx, 0x401047b0)
                0x40104c70                PROVIDE (store_exception_error, 0x40104c70)
                0x40104ca8                PROVIDE (fatal_error, 0x40104ca8)
                0x40104cc4                PROVIDE (default_exception_handler, 0x40104cc4)
                0x40104cdc                PROVIDE (chm_get_current_channel, 0x40104cdc)
                0x40104ce8                PROVIDE (__divsf3_aux, 0x40104ce8)
                0x40104d64                PROVIDE (__divsf3, 0x40104d64)
                0x40104e20                PROVIDE (__fixsfsi, 0x40104e20)
                0x40104e64                PROVIDE (esf_rx_buf_alloc, 0x40104e64)
                0x40104ec4                PROVIDE (gpio_int_handler, 0x40104ec4)
                0x40104f30                PROVIDE (i2c_delay, 0x40104f30)
                0x40104f44                PROVIDE (i2c_Stop, 0x40104f44)
                0x40104f78                PROVIDE (i2c_WriteBit, 0x40104f78)
                0x40104fac                PROVIDE (i2c_ReadBit, 0x40104fac)
                0x40104fd8                PROVIDE (i2c_Write, 0x40104fd8)
                0x40105014                PROVIDE (i2c_Read, 0x40105014)
                0x40105050                PROVIDE (i2c_Start, 0x40105050)
                0x401050ac                PROVIDE (GPIO_intr_handler, 0x401050ac)
                0x4010510c                PROVIDE (__ashrdi3, 0x4010510c)
                0x40105124                PROVIDE (__modsi3, 0x40105124)
                0x40105170                PROVIDE (__lshrdi3, 0x40105170)
                0x40105188                PROVIDE (eraminfo, 0x40105188)
                0x40105190                PROVIDE (_etext, 0x40105190)
                0x40105190                PROVIDE (_lit4_start, 0x40105190)
                0x40105190                PROVIDE (_text_end, 0x40105190)
                0x40105190                PROVIDE (check_timeouts_timer, 0x40105190)
                0x401051a4                PROVIDE (lwip_if_queues, 0x401051a4)
                0x401051ac                PROVIDE (hostname, 0x401051ac)
                0x401051b0                PROVIDE (xBlockAllocatedBit, 0x401051b0)
                0x401051b4                PROVIDE (xFreeBytesRemaining, 0x401051b4)
                0x401051b8                PROVIDE (pxEnd, 0x401051b8)
                0x401051bc                PROVIDE (netif_default, 0x401051bc)
                0x401051c0                PROVIDE (netif_list, 0x401051c0)
                0x401051c4                PROVIDE (raw_pcbs, 0x401051c4)
                0x401051c8                PROVIDE (flash_size, 0x401051c8)
                0x401051cc                PROVIDE (flash_read, 0x401051cc)
                0x401051d0                PROVIDE (tcp_tmp_pcb, 0x401051d0)
                0x401051d4                PROVIDE (tcp_tw_pcbs, 0x401051d4)
                0x401051d8                PROVIDE (tcp_active_pcbs, 0x401051d8)
                0x401051dc                PROVIDE (tcp_bound_pcbs, 0x401051dc)
                0x401051e0                PROVIDE (tcp_ticks, 0x401051e0)
                0x401051e4                PROVIDE (tcp_input_pcb, 0x401051e4)
                0x401051e8                PROVIDE (recv_data, 0x401051e8)
                0x401051ec                PROVIDE (ackno, 0x401051ec)
                0x401051f0                PROVIDE (tcphdr, 0x401051f0)
                0x401051f4                PROVIDE (tcpip_tcp_timer_active, 0x401051f4)
                0x401051f8                PROVIDE (timeouts_last_time, 0x401051f8)
                0x401051fc                PROVIDE (next_timeout, 0x401051fc)
                0x40105200                PROVIDE (udp_pcbs, 0x40105200)
                0x40105204                PROVIDE (dhcps_lease_time, 0x40105204)
                0x40105208                PROVIDE (renew, 0x40105208)
                0x4010520c                PROVIDE (plist, 0x4010520c)
                0x40105210                PROVIDE (dhcps_lease_flag, 0x40105210)
                0x40105214                PROVIDE (pcb_dhcps, 0x40105214)
                0x40105218                PROVIDE (dns_payload, 0x40105218)
                0x4010521c                PROVIDE (dns_pcb, 0x4010521c)
                0x40105220                PROVIDE (igmp_group_list, 0x40105220)
                0x40105224                PROVIDE (GPIO_TaskQueue, 0x40105224)
                0x4010522c                PROVIDE (buf_scan_infos, 0x4010522c)
                0x401059ac                PROVIDE (total_scan_infos, 0x401059ac)
                0x401059b0                PROVIDE (flg_wifi_sleep_enable, 0x401059b0)
                0x401059b4                PROVIDE (st_disconn_timer, 0x401059b4)
                0x401059c8                PROVIDE (flg_sleep, 0x401059c8)
                0x401059cc                PROVIDE (st_reconn_flg, 0x401059cc)
                0x401059d0                PROVIDE (st_reconn_count, 0x401059d0)
                0x401059d4                PROVIDE (flg_open_all_service, 0x401059d4)
                0x401059d8                PROVIDE (probe_requests_count, 0x401059d8)
                0x401059dc                PROVIDE (buf_probe_requests, 0x401059dc)
                0x40105bdc                PROVIDE (sntp, 0x40105bdc)
                0x40105be0                PROVIDE (numFiles, 0x40105be0)
                0x40105be4                PROVIDE (fatCacheID, 0x40105be4)
                0x40105be8                PROVIDE (WEBFSStubs, 0x40105be8)
                0x40105d68                PROVIDE (isWEBFSLocked, 0x40105d68)
                0x40105d6c                PROVIDE (disk_base_addr, 0x40105d6c)
                0x40105d70                PROVIDE (phcfg, 0x40105d70)
                0x40105d74                PROVIDE (wdrv_bufn, 0x40105d74)
                0x40105d78                PROVIDE (_lit4_end, 0x40105d78)
                0x40207000                PROVIDE (_irom0_text_start, 0x40207000)
                0x40207004                PROVIDE (puts_buf, 0x40207004)
                0x40207048                PROVIDE (read_wifi_config, 0x40207048)
                0x402070e8                PROVIDE (uart_wait_tx_fifo_empty, 0x402070e8)
                0x40207100                PROVIDE (loader, 0x40207100)
                0x4020713c                PROVIDE (read_macaddr_from_otp, 0x4020713c)
                0x402071a8                PROVIDE (tst_cfg_wifi, 0x402071a8)
                0x402072cc                PROVIDE (startup_uart_init, 0x402072cc)
                0x40207338                PROVIDE (init_wifi, 0x40207338)
                0x40207480                PROVIDE (startup, 0x40207480)
                0x40207740                PROVIDE (init_fn, 0x40207740)
                0x4020778c                PROVIDE (eagle_lwip_if_alloc, 0x4020778c)
                0x40207904                PROVIDE (eagle_lwip_getif, 0x40207904)
                0x40207924                PROVIDE (task_if0, 0x40207924)
                0x4020795c                PROVIDE (task_if1, 0x4020795c)
                0x40207994                PROVIDE (eagle_lwip_if_free, 0x40207994)
                0x402079ec                PROVIDE (free_entry, 0x402079ec)
                0x40207a48                PROVIDE (find_entry, 0x40207a48)
                0x40207b24                PROVIDE (etharp_send_ip, 0x40207b24)
                0x40207b78                PROVIDE (update_arp_entry, 0x40207b78)
                0x40207c1c                PROVIDE (etharp_tmr, 0x40207c1c)
                0x40207c74                PROVIDE (etharp_find_addr, 0x40207c74)
                0x40207cc8                PROVIDE (etharp_request, 0x40207cc8)
                0x40207d98                PROVIDE (etharp_output_to_arp_index, 0x40207d98)
                0x40207e10                PROVIDE (etharp_query, 0x40207e10)
                0x40207fc0                PROVIDE (etharp_output, 0x40207fc0)
                0x402080b0                PROVIDE (ethernet_input, 0x402080b0)
                0x402082ac                PROVIDE (etharp_cleanup_netif, 0x402082ac)
                0x40208374                PROVIDE (ieee80211_rate_ref_init, 0x40208374)
                0x4020838c                PROVIDE (ieee80211_freedom_inside_cb, 0x4020838c)
                0x402083bc                PROVIDE (ieee80211_freedom_init, 0x402083bc)
                0x402083e0                PROVIDE (ieee80211_user_ie_init, 0x402083e0)
                0x402083fc                PROVIDE (ieee80211_ifattach, 0x402083fc)
                0x40208464                PROVIDE (ieee80211_mhz2ieee, 0x40208464)
                0x402084c4                PROVIDE (ieee80211_chan2ieee, 0x402084c4)
                0x402084e0                PROVIDE (ieee80211_ieee2mhz, 0x402084e0)
                0x40208520                PROVIDE (ieee80211_find_channel, 0x40208520)
                0x4020854c                PROVIDE (ieee80211_find_channel_byieee, 0x4020854c)
[...]
                0x40232d14                PROVIDE (get_gpiox_mux_func, 0x40232d14)
                0x40232d44                PROVIDE (test_pin_clr_wifi_config, 0x40232d44)
                0x40232e1c                PROVIDE (get_mac_time, 0x40232e1c)
                0x40232e34                PROVIDE (web_int_disconnect, 0x40232e34)
                0x40232e88                PROVIDE (Close_web_conn, 0x40232e88)
                0x40232ee0                PROVIDE (webserver_disconnect, 0x40232ee0)
                0x40232f20                PROVIDE (web_inc_fp, 0x40232f20)
                0x40232f8c                PROVIDE (find_boundary, 0x40232f8c)
                0x40233034                PROVIDE (webserver_init, 0x40233034)
                0x402330e0                PROVIDE (webserver_close, 0x402330e0)
                0x4023310c                PROVIDE (webserver_reinit, 0x4023310c)
                0x40233150                PROVIDE (web_inc_fopen, 0x40233150)
                0x402331fc                PROVIDE (webserver_open_file, 0x402331fc)
                0x40233374                PROVIDE (web_inc_fclose, 0x40233374)
                0x40233418                PROVIDE (webserver_send_fdata, 0x40233418)
                0x402337a4                PROVIDE (webserver_sent_callback, 0x402337a4)
                0x40233838                PROVIDE (web_trim_bufi, 0x40233838)
                0x402338a0                PROVIDE (web_feee_bufi, 0x402338a0)
                0x402338d4                PROVIDE (head_find_ctr, 0x402338d4)
                0x40233ad4                PROVIDE (webserver_received_data, 0x40233ad4)
                0x40234e0c                PROVIDE (tcpsrv_list_delete, 0x40234e0c)
                0x40234eb8                PROVIDE (tcpsrv_client_reconnect, 0x40234eb8)
                0x40234f9c                PROVIDE (recv_trim_bufi, 0x40234f9c)
                0x40235100                PROVIDE (tcpsrv_server_sent, 0x40235100)
                0x40235158                PROVIDE (tcpsrv_print_remote_info, 0x40235158)
                0x40235198                PROVIDE (tcpsrv_server_close, 0x40235198)
                0x4023528c                PROVIDE (tcpsrv_int_sent_data, 0x4023528c)
                0x40235388                PROVIDE (tcpsrv_server_recv, 0x40235388)
                0x402354b0                PROVIDE (tcpsrv_connected, 0x402354b0)
                0x40235574                PROVIDE (tcpsrv_server_poll, 0x40235574)
                0x4023561c                PROVIDE (tcpsrv_error, 0x4023561c)
                0x402356c8                PROVIDE (tcpsrv_disconnect_calback_default, 0x402356c8)
                0x402356e8                PROVIDE (tcpsrv_listen_default, 0x402356e8)
                0x40235708                PROVIDE (tcpsrv_sent_callback_default, 0x40235708)
                0x40235728                PROVIDE (tcpsrv_received_data_default, 0x40235728)
                0x4023574c                PROVIDE (tcpsrv_server_port2pcfg, 0x4023574c)
                0x4023576c                PROVIDE (tcpsrv_client_ip_port2conn, 0x4023576c)
                0x40235798                PROVIDE (tcpsrv_unrecved_win, 0x40235798)
                0x402357e4                PROVIDE (tcpsrv_init, 0x402357e4)
                0x40235898                PROVIDE (tcpsrv_start, 0x40235898)
                0x40235934                PROVIDE (tcpsrv_connected_default, 0x40235934)
                0x40235950                PROVIDE (find_tcp_pcb, 0x40235950)
                0x402359a4                PROVIDE (tcpsrv_close_cb, 0x402359a4)
                0x40235a8c                PROVIDE (tcpsrv_client_connect, 0x40235a8c)
                0x40235b50                PROVIDE (tcpsrv_client_start, 0x40235b50)
                0x40235bf0                PROVIDE (tcpsrv_disconnect, 0x40235bf0)
                0x40235c24                PROVIDE (tcpsrv_server_accept, 0x40235c24)
                0x40235d64                PROVIDE (tcpsrv_close, 0x40235d64)
                0x40235e24                PROVIDE (tcpsrv_close_port, 0x40235e24)
                0x40235e48                PROVIDE (tcpsrv_close_all, 0x40235e48)
                0x40235e8c                PROVIDE (web_hexdump, 0x40235e8c)
                0x40236010                PROVIDE (web_get_i2c_eeprom, 0x40236010)
                0x402360ac                PROVIDE (wifi_aps_xml, 0x402360ac)
                0x40236210                PROVIDE (web_wscan_xml, 0x40236210)
                0x4023634c                PROVIDE (web_ProbeRequest_xml, 0x4023634c)
                0x40236470                PROVIDE (web_get_history, 0x40236470)
                0x402366e0                PROVIDE (web_get_flash, 0x402366e0)
                0x40236774                PROVIDE (web_get_ram, 0x40236774)
                0x40236800                PROVIDE (get_new_url, 0x40236800)
                0x40236b48                PROVIDE (web_int_callback, 0x40236b48)
                0x40238854                PROVIDE (rom_atoi, 0x40238854)
                0x402388a4                PROVIDE (hextoul, 0x402388a4)
                0x402388f4                PROVIDE (ahextoul, 0x402388f4)
                0x40238928                PROVIDE (cmpcpystr, 0x40238928)
                0x402389c0                PROVIDE (web_strnstr, 0x402389c0)
                0x40238a30                PROVIDE (base64decode, 0x40238a30)
                0x40238afc                PROVIDE (base64encode, 0x40238afc)
                0x40238bc8                PROVIDE (strtomac, 0x40238bc8)
                0x40238c34                PROVIDE (urldecode, 0x40238c34)
                0x40238cfc                PROVIDE (htmlcode, 0x40238cfc)
                0x40238e44                PROVIDE (print_hex_dump, 0x40238e44)
                0x40238e90                PROVIDE (str_array, 0x40238e90)
                0x40238f14                PROVIDE (str_array_w, 0x40238f14)
                0x40238f9c                PROVIDE (str_array_b, 0x40238f9c)
                0x40239028                PROVIDE (word_to_lower_case, 0x40239028)
                0x40239060                PROVIDE (copy_align4, 0x40239060)
                0x40239130                PROVIDE (go_deep_sleep, 0x40239130)
                0x40239148                PROVIDE (reg_sct_bits, 0x40239148)
                0x4023931c                PROVIDE (web_int_vars, 0x4023931c)
                0x4023a360                PROVIDE (rd_buf_sec_blk, 0x4023a360)
                0x4023a398                PROVIDE (wr_buf_sec_blk, 0x4023a398)
                0x4023a3f0                PROVIDE (read_sys_const, 0x4023a3f0)
                0x4023a410                PROVIDE (write_sys_const, 0x4023a410)
                0x4023a480                PROVIDE (uart_save_fcfg, 0x4023a480)
                0x4023a51c                PROVIDE (update_rts0, 0x4023a51c)
                0x4023a538                PROVIDE (update_mux_uart0, 0x4023a538)
                0x4023a5e0                PROVIDE (uart0_set_flow, 0x4023a5e0)
                0x4023a630                PROVIDE (update_mux_txd1, 0x4023a630)
                0x4023a668                PROVIDE (uart_read_fcfg, 0x4023a668)
                0x4023a728                PROVIDE (uarts_init, 0x4023a728)
                0x4023a74c                PROVIDE (set_uartx_invx, 0x4023a74c)
                0x4023a7c4                PROVIDE (sar_init, 0x4023a7c4)
                0x4023a88c                PROVIDE (sar_off, 0x4023a88c)
                0x4023a8f0                PROVIDE (read_adcs, 0x4023a8f0)
                0x4023a99c                PROVIDE (sigma_delta_setup, 0x4023a99c)
                0x4023a9f4                PROVIDE (sigma_delta_close, 0x4023a9f4)
                0x4023aa44                PROVIDE (set_sigma_duty_312KHz, 0x4023aa44)
                0x4023aa78                PROVIDE (aFATAL_ERR_R6PHY, 0x4023aa78)
                0x4023aae8                PROVIDE (esp_init_data_default, 0x4023aae8)
                0x4023abc0                PROVIDE (ieee80211_opcap, 0x4023abc0)
                0x4023b0f4                PROVIDE (ip_addr_broadcast, 0x4023b0f4)
                0x4023b0f8                PROVIDE (ip_addr_any, 0x4023b0f8)
                0x4023b130                PROVIDE (memp_sizes, 0x4023b130)
                0x4023b494                PROVIDE (chip_v6_set_sense, 0x4023b494)
                0x4023b498                PROVIDE (chip_v6_unset_chanfreq, 0x4023b498)
                0x4023b75c                PROVIDE (bit_popcount, 0x4023b75c)
                0x4023b780                PROVIDE (tcp_pcb_lists, 0x4023b780)
                0x4023b790                PROVIDE (tcp_persist_backoff, 0x4023b790)
                0x4023b798                PROVIDE (tcp_backoff, 0x4023b798)
                0x4023b810                PROVIDE (default_ssid, 0x4023b810)
                0x4023bd8c                PROVIDE (eloop_cancel_timeout, 0x4023bd8c)
                0x4023bd90                PROVIDE (eloop_register_timeout, 0x4023bd90)
                0x4023be84                PROVIDE (magic_cookie, 0x4023be84)
                0x4023be9c                PROVIDE (ccmp, 0x4023be9c)
                0x4023beb4                PROVIDE (tkip, 0x4023beb4)
                0x4023becc                PROVIDE (wep, 0x4023becc)
                0x4023bee4                PROVIDE (lwip_standard_chksum, 0x4023bee4)
                0x4023bf4c                PROVIDE (inet_chksum, 0x4023bf4c)
                0x4023bf68                PROVIDE (inet_chksum_pbuf, 0x4023bf68)
                0x4023bfd4                PROVIDE (inet_chksum_pseudo, 0x4023bfd4)
                0x4023c094                PROVIDE (inet_chksum_pseudo_partial, 0x4023c094)
                0x4023c2c4                PROVIDE (sysinifname, 0x4023c2c4)
                0x4023c814                PROVIDE (wifi_st_password, 0x4023c814)
                0x4023c820                PROVIDE (wifi_st_name, 0x4023c820)
                0x4023c828                PROVIDE (wifi_ap_password, 0x4023c828)
                0x4023c834                PROVIDE (wifi_ap_name, 0x4023c834)
                0x4023ca98                PROVIDE (tab_event_reason_1_24_200, 0x4023ca98)
                0x4023cb08                PROVIDE (txt_reason_handshake_timeout, 0x4023cb08)
                0x4023cb1c                PROVIDE (txt_reason_assoc_fail, 0x4023cb1c)
                0x4023cb28                PROVIDE (txt_reason_auth_fail, 0x4023cb28)
                0x4023cb34                PROVIDE (txt_reason_no_ap_found, 0x4023cb34)
                0x4023cb40                PROVIDE (txt_reason_beacon_timeout, 0x4023cb40)
                0x4023cb50                PROVIDE (txt_reason_cipher_suite_rejected, 0x4023cb50)
                0x4023cb68                PROVIDE (txt_reason_802_1x_auth_failed, 0x4023cb68)
                0x4023cb7c                PROVIDE (txt_reason_invalid_rsn_ie_cap, 0x4023cb7c)
                0x4023cb90                PROVIDE (txt_reason_unsupp_rsn_ie_version, 0x4023cb90)
                0x4023cba8                PROVIDE (txt_reason_akmp_invalid, 0x4023cba8)
                0x4023cbb8                PROVIDE (txt_reason_pairwise_cipher_invalid, 0x4023cbb8)
                0x4023cbd0                PROVIDE (txt_reason_group_cipher_invalid, 0x4023cbd0)
                0x4023cbe8                PROVIDE (txt_reason_ie_in_4way_differs, 0x4023cbe8)
                0x4023cbfc                PROVIDE (txt_reason_group_key_update_timeout, 0x4023cbfc)
                0x4023cc18                PROVIDE (txt_reason_4way_handshake_timeout, 0x4023cc18)
                0x4023cc30                PROVIDE (txt_reason_mic_failure, 0x4023cc30)
                0x4023cc3c                PROVIDE (txt_reason_ie_invalid, 0x4023cc3c)
                0x4023cc48                PROVIDE (txt_reason_disassoc_supchan_bad, 0x4023cc48)
                0x4023cc60                PROVIDE (txt_reason_disassoc_pwrcap_bad, 0x4023cc60)
                0x4023cc74                PROVIDE (txt_reason_assoc_not_authed, 0x4023cc74)
                0x4023cc88                PROVIDE (txt_reason_assoc_leave, 0x4023cc88)
                0x4023cc94                PROVIDE (txt_reason_not_assoced, 0x4023cc94)
                0x4023cca0                PROVIDE (txt_reason_not_authed, 0x4023cca0)
                0x4023ccac                PROVIDE (txt_reason_assoc_toomany, 0x4023ccac)
                0x4023ccbc                PROVIDE (txt_reason_assoc_expire, 0x4023ccbc)
                0x4023cccc                PROVIDE (txt_reason_auth_leave, 0x4023cccc)
                0x4023ccd8                PROVIDE (txt_reason_auth_expire, 0x4023ccd8)
                0x4023cce4                PROVIDE (txt_reason_unspecified, 0x4023cce4)
                0x4023ccf0                PROVIDE (txt_reason_undef, 0x4023ccf0)
                0x4023cd4c                PROVIDE (sntp_server_addresses, 0x4023cd4c)
                0x4023d0f8                PROVIDE (flash_filename, 0x4023d0f8)
                0x4023d104                PROVIDE (file_label, 0x4023d104)
                0x4023d10c                PROVIDE (sector_filename, 0x4023d10c)
                0x4023d114                PROVIDE (sysconst_filename, 0x4023d114)
                0x4023d120                PROVIDE (disk_err4_filename, 0x4023d120)
                0x4023d130                PROVIDE (disk_err3_filename, 0x4023d130)
                0x4023d140                PROVIDE (disk_err2_filename, 0x4023d140)
                0x4023d150                PROVIDE (disk_err1_filename, 0x4023d150)
                0x4023d160                PROVIDE (disk_ok_filename, 0x4023d160)
                0x4023d170                PROVIDE (crlf_end_boundary, 0x4023d170)
                0x4023d484                PROVIDE (HTTPAccessControlAllowOrigin, 0x4023d484)
                0x4023d4a8                PROVIDE (HTTPfserror, 0x4023d4a8)
                0x4023d4f4                PROVIDE (HTTPdefault, 0x4023d4f4)
                0x4023d540                PROVIDE (HTTPfsupload, 0x4023d540)
                0x4023d620                PROVIDE (HTTPResponse, 0x4023d620)
                0x4023d6f0                PROVIDE (HTTPresponse_501_content, 0x4023d6f0)
                0x4023d724                PROVIDE (HTTPresponse_500_content, 0x4023d724)
                0x4023d740                PROVIDE (HTTPresponse_418_content, 0x4023d740)
                0x4023d758                PROVIDE (HTTPresponse_414_content, 0x4023d758)
                0x4023d790                PROVIDE (HTTPresponse_413_content, 0x4023d790)
                0x4023d7cc                PROVIDE (HTTPresponse_411_content, 0x4023d7cc)
                0x4023d7fc                PROVIDE (HTTPresponse_404_content, 0x4023d7fc)
                0x4023d814                PROVIDE (HTTPresponse_401_content, 0x4023d814)
                0x4023d83c                PROVIDE (HTTPresponse_501_head, 0x4023d83c)
                0x4023d860                PROVIDE (HTTPresponse_500_head, 0x4023d860)
                0x4023d878                PROVIDE (HTTPresponse_429_head, 0x4023d878)
                0x4023d89c                PROVIDE (HTTPresponse_418_head, 0x4023d89c)
                0x4023d8ac                PROVIDE (HTTPresponse_414_head, 0x4023d8ac)
                0x4023d8c4                PROVIDE (HTTPresponse_413_head, 0x4023d8c4)
                0x4023d8e0                PROVIDE (HTTPresponse_411_head, 0x4023d8e0)
                0x4023d8f0                PROVIDE (HTTPresponse_404_head, 0x4023d8f0)
                0x4023d8fc                PROVIDE (HTTPresponse_401_head, 0x4023d8fc)
                0x4023d934                PROVIDE (HTTPresponse_400_head, 0x4023d934)
                0x4023d940                PROVIDE (HTTPresponse_304_head, 0x4023d940)
                0x4023d950                PROVIDE (HTTPresponse_302_head, 0x4023d950)
                0x4023d958                PROVIDE (HTTPresponse_200_head, 0x4023d958)
                0x4023d95c                PROVIDE (fsupload_fname, 0x4023d95c)
                0x4023d968                PROVIDE (web_cgi_fname, 0x4023d968)
                0x4023d970                PROVIDE (http_default_file, 0x4023d970)
                0x4023dad0                PROVIDE (srvContenErr15, 0x4023dad0)
                0x4023dae4                PROVIDE (srvContenErr14, 0x4023dae4)
                0x4023dafc                PROVIDE (srvContenErr13, 0x4023dafc)
                0x4023db0c                PROVIDE (srvContenErr12, 0x4023db0c)
                0x4023db20                PROVIDE (srvContenErr11, 0x4023db20)
                0x4023db30                PROVIDE (srvContenErr10, 0x4023db30)
                0x4023db44                PROVIDE (srvContenErr09, 0x4023db44)
                0x4023db58                PROVIDE (srvContenErr08, 0x4023db58)
                0x4023db6c                PROVIDE (srvContenErr07, 0x4023db6c)
                0x4023db84                PROVIDE (srvContenErr06, 0x4023db84)
                0x4023db94                PROVIDE (srvContenErr05, 0x4023db94)
                0x4023dbac                PROVIDE (srvContenErr04, 0x4023dbac)
                0x4023dbbc                PROVIDE (srvContenErr03, 0x4023dbbc)
                0x4023dbc4                PROVIDE (srvContenErr02, 0x4023dbc4)
                0x4023dbd4                PROVIDE (srvContenErr01, 0x4023dbd4)
                0x4023dbe8                PROVIDE (srvContenErr00, 0x4023dbe8)
                0x4023ddd0                PROVIDE (txt_tcpsrv_out_of_mem, 0x4023ddd0)
                0x4023dde8                PROVIDE (txt_tcpsrv_already_initialized, 0x4023dde8)
                0x4023de08                PROVIDE (txt_tcpsrv_NULL_pointer, 0x4023de08)
                0x4023e0d4                PROVIDE (base64map, 0x4023e0d4)
                0x4023e17c                PROVIDE (_irom0_text_end, 0x4023e17c)
                0x60000000                PROVIDE (uart0_, 0x60000000)
                0x60000200                PROVIDE (spi0_, 0x60000200)
                0x60000300                PROVIDE (gpio_, 0x60000300)
                0x60000600                PROVIDE (timer_, 0x60000600)
                0x60000700                PROVIDE (rtc_, 0x60000700)
                0x60000800                PROVIDE (iomux_, 0x60000800)
                0x60000900                PROVIDE (wdt_, 0x60000900)
                0x60000d00                PROVIDE (sar_, 0x60000d00)
                0x60000f00                PROVIDE (uart1_, 0x60000f00)
                0x60001000                PROVIDE (rtc_ram_, 0x60001000)
                0x60001100                PROVIDE (rtc_mem_, 0x60001100)
                0xfffff00f                PROVIDE (_memmap_cacheattr_unused_mask, 0xfffff00f)
                0xfffff11f                PROVIDE (_memmap_cacheattr_wb_strict, 0xfffff11f)
                0xfffff11f                PROVIDE (_memmap_cacheattr_wt_strict, 0xfffff11f)
                0xfffff22f                PROVIDE (_memmap_cacheattr_bp_strict, 0xfffff22f)
OUTPUT(.output/eagle/image/eagle.app.v6.out elf32-xtensa-le)

.comment        0x00000000       0x11
 .comment       0x00000000       0x11 main/.output/eagle/lib/libmain.a(gpios_intr.o)
                                 0x12 (size before relaxing)

.xtensa.info    0x00000000       0x38
 .xtensa.info   0x00000000       0x38 main/.output/eagle/lib/libmain.a(gpios_intr.o)

.xt.lit         0x00000000       0x20
 .xt.lit        0x00000000       0x20 main/.output/eagle/lib/libmain.a(gpios_intr.o)
                                 0x28 (size before relaxing)

.xt.prop        0x00000000      0x180
 .xt.prop       0x00000000      0x180 main/.output/eagle/lib/libmain.a(gpios_intr.o)
